{
  "1st Road Class": "categorical",
  "1st Road Class & No": "categorical",
  "Accident Date": "date",
  "Age of Casualty": "numeric",
  "Casualty Class": "categorical",
  "Casualty Severity": "categorical",
  "Grid Ref: Easting": "numeric",
  "Grid Ref: Northing": "numeric",
  "Lighting Conditions": "categorical",
  "Local Authority": "categorical",
  "Number of Vehicles": "categorical",
  "Reference Number": "string",
  "Road Surface": "categorical",
  "Sex of Casualty": "categorical",
  "Time (24hr)": "numeric",
  "Type of Vehicle": "categorical",
  "Vehicle Number": "categorical",
  "Weather Conditions": "categorical"
}
