{
  "111": "numeric",
  "130": "numeric",
  "13495": "numeric",
  "168.80": "numeric",
  "2.68": "numeric",
  "21": "categorical",
  "2548": "numeric",
  "27": "categorical",
  "3": "categorical",
  "3.47": "numeric",
  "48.80": "numeric",
  "5000": "categorical",
  "64.10": "numeric",
  "88.60": "numeric",
  "9.00": "numeric",
  "?": "numeric",
  "alfa-romero": "categorical",
  "convertible": "categorical",
  "dohc": "categorical",
  "four": "categorical",
  "front": "categorical",
  "gas": "categorical",
  "mpfi": "categorical",
  "rwd": "categorical",
  "std": "categorical",
  "two": "categorical"
}
