{
  "Address 1": "categorical",
  "Address 2": "categorical",
  "County": "categorical",
  "Event number": "numeric",
  "Event type": "categorical",
  "Government Office Region": "categorical",
  "Inspection date": "date",
  "Leadership and management": "categorical",
  "Local authority": "categorical",
  "Name": "categorical",
  "Outcomes for children and young people": "categorical",
  "Overall effectiveness": "categorical",
  "Places": "categorical",
  "Postcode": "categorical",
  "Provision type": "categorical",
  "Quality of care": "categorical",
  "Registration Status": "categorical",
  "Safeguarding children and young people": "categorical",
  "Sector": "categorical",
  "Town": "categorical",
  "URN": "string",
  "Web link": "categorical"
}
