{
  "# of Students Engaged": "categorical",
  "Cohort Completion Year": "categorical",
  "Dist Rate": "categorical",
  "LRE Ages 3-5 - Full Incl #": "categorical",
  "LRE Ages 3-5 - Full Incl %": "string",
  "LRE Ages 3-5 - Students #": "numeric",
  "LRE Ages 6-21 - Full Incl #": "numeric",
  "LRE Ages 6-21 - Full Incl %": "string",
  "LRE Ages 6-21 - Students #": "numeric",
  "Org Code": "numeric",
  "Org Name": "string",
  "Sch Yr Rev": "categorical",
  "Spec Ed. Dropout - Drop #": "categorical",
  "Spec Ed. Dropout - Drop %": "categorical",
  "Spec Ed. Dropout - Enr #": "numeric",
  "Spec Ed. Grad Rate - Grad #": "categorical",
  "Spec Ed. Grad Rate - Grad %": "string",
  "Spec Ed. Grad Rate - Grad Cohort #": "numeric",
  "Substantial growth of knowledge & skills": "numeric",
  "Surv Meet Std #": "numeric",
  "Surv Meet Std %": "string",
  "Survey Period": "categorical",
  "Year": "date"
}
