{
  "Age": "categorical",
  "Country": "categorical",
  "Gender": "categorical",
  "Timestamp": "date",
  "anonymity": "categorical",
  "benefits": "categorical",
  "care_options": "categorical",
  "comments": "string",
  "coworkers": "categorical",
  "family_history": "categorical",
  "leave": "categorical",
  "mental_health_consequence": "categorical",
  "mental_health_interview": "categorical",
  "mental_vs_physical": "categorical",
  "no_employees": "categorical",
  "obs_consequence": "categorical",
  "phys_health_consequence": "categorical",
  "phys_health_interview": "categorical",
  "remote_work": "categorical",
  "seek_help": "categorical",
  "self_employed": "categorical",
  "state": "categorical",
  "supervisor": "categorical",
  "tech_company": "categorical",
  "treatment": "categorical",
  "wellness_program": "categorical",
  "work_interfere": "categorical"
}
