{
  "111": "integer",
  "130": "integer",
  "13495": "integer",
  "168.80": "float",
  "2.68": "float",
  "21": "integer",
  "2548": "integer",
  "27": "integer",
  "3": "integer",
  "3.47": "float",
  "48.80": "float",
  "5000": "integer",
  "64.10": "float",
  "88.60": "float",
  "9.00": "float",
  "?": "integer",
  "alfa-romero": "string",
  "convertible": "string",
  "dohc": "string",
  "four": "string",
  "front": "string",
  "gas": "string",
  "mpfi": "string",
  "rwd": "string",
  "std": "string",
  "two": "string"
}
