{
  "1stFlrSF": "integer",
  "2ndFlrSF": "integer",
  "3SsnPorch": "integer",
  "Alley": "string",
  "BedroomAbvGr": "integer",
  "BldgType": "string",
  "BsmtCond": "string",
  "BsmtExposure": "boolean",
  "BsmtFinSF1": "integer",
  "BsmtFinSF2": "integer",
  "BsmtFinType1": "string",
  "BsmtFinType2": "string",
  "BsmtFullBath": "boolean",
  "BsmtHalfBath": "boolean",
  "BsmtQual": "string",
  "BsmtUnfSF": "integer",
  "CentralAir": "boolean",
  "Condition1": "string",
  "Condition2": "string",
  "Electrical": "string",
  "EnclosedPorch": "integer",
  "ExterCond": "string",
  "ExterQual": "string",
  "Exterior1st": "string",
  "Exterior2nd": "string",
  "Fence": "string",
  "FireplaceQu": "string",
  "Fireplaces": "integer",
  "Foundation": "string",
  "FullBath": "integer",
  "Functional": "string",
  "GarageArea": "integer",
  "GarageCars": "integer",
  "GarageCond": "string",
  "GarageFinish": "string",
  "GarageQual": "string",
  "GarageType": "string",
  "GarageYrBlt": "date-iso-8601",
  "GrLivArea": "integer",
  "HalfBath": "boolean",
  "Heating": "string",
  "HeatingQC": "string",
  "HouseStyle": "string",
  "Id": "integer",
  "KitchenAbvGr": "integer",
  "KitchenQual": "string",
  "LandContour": "string",
  "LandSlope": "string",
  "LotArea": "integer",
  "LotConfig": "string",
  "LotFrontage": "integer",
  "LotShape": "string",
  "LowQualFinSF": "integer",
  "MSSubClass": "integer",
  "MSZoning": "string",
  "MasVnrArea": "integer",
  "MasVnrType": "string",
  "MiscFeature": "string",
  "MiscVal": "integer",
  "MoSold": "integer",
  "Neighborhood": "string",
  "OpenPorchSF": "integer",
  "OverallCond": "integer",
  "OverallQual": "integer",
  "PavedDrive": "boolean",
  "PoolArea": "boolean",
  "PoolQC": "string",
  "RoofMatl": "string",
  "RoofStyle": "string",
  "SaleCondition": "string",
  "SalePrice": "integer",
  "SaleType": "string",
  "ScreenPorch": "integer",
  "Street": "string",
  "TotRmsAbvGrd": "integer",
  "TotalBsmtSF": "integer",
  "Utilities": "string",
  "WoodDeckSF": "integer",
  "YearBuilt": "date-iso-8601",
  "YearRemodAdd": "date-iso-8601",
  "YrSold": "date-iso-8601"
}