{
  "# of Students Engaged": "integer",
  "Cohort Completion Year": "string",
  "Dist Rate": "string",
  "LRE Ages 3-5 - Full Incl #": "integer",
  "LRE Ages 3-5 - Full Incl %": "string",
  "LRE Ages 3-5 - Students #": "integer",
  "LRE Ages 6-21 - Full Incl #": "integer",
  "LRE Ages 6-21 - Full Incl %": "string",
  "LRE Ages 6-21 - Students #": "integer",
  "Org Code": "integer",
  "Org Name": "string",
  "Sch Yr Rev": "string",
  "Spec Ed. Dropout - Drop #": "integer",
  "Spec Ed. Dropout - Drop %": "string",
  "Spec Ed. Dropout - Enr #": "integer",
  "Spec Ed. Grad Rate - Grad #": "integer",
  "Spec Ed. Grad Rate - Grad %": "string",
  "Spec Ed. Grad Rate - Grad Cohort #": "integer",
  "Substantial growth of knowledge & skills": "float",
  "Surv Meet Std #": "integer",
  "Surv Meet Std %": "string",
  "Survey Period": "string",
  "Year": "date-iso-8601"
}
