{
  "Age": "integer",
  "Country": "string",
  "Gender": "string",
  "Timestamp": "date-non-std",
  "anonymity": "boolean",
  "benefits": "boolean",
  "care_options": "boolean",
  "comments": "string",
  "coworkers": "string",
  "family_history": "boolean",
  "leave": "string",
  "mental_health_consequence": "boolean",
  "mental_health_interview": "boolean",
  "mental_vs_physical": "boolean",
  "no_employees": "string",
  "obs_consequence": "boolean",
  "phys_health_consequence": "boolean",
  "phys_health_interview": "boolean",
  "remote_work": "boolean",
  "seek_help": "boolean",
  "self_employed": "boolean",
  "state": "string",
  "supervisor": "string",
  "tech_company": "boolean",
  "treatment": "boolean",
  "wellness_program": "boolean",
  "work_interfere": "string"
}
