{
  "0": {
    "-1": "Status.TYPE",
    "-2": "Status.TYPE",
    "0": "Status.TYPE",
    "1": "Status.TYPE",
    "2": "Status.TYPE",
    "3": "Status.TYPE"
  },
  "1": {
    "101": "Status.TYPE",
    "102": "Status.TYPE",
    "103": "Status.TYPE",
    "104": "Status.TYPE",
    "106": "Status.TYPE",
    "107": "Status.TYPE",
    "108": "Status.TYPE",
    "110": "Status.TYPE",
    "113": "Status.TYPE",
    "115": "Status.TYPE",
    "118": "Status.TYPE",
    "119": "Status.TYPE",
    "121": "Status.TYPE",
    "122": "Status.TYPE",
    "125": "Status.TYPE",
    "128": "Status.TYPE",
    "129": "Status.TYPE",
    "134": "Status.TYPE",
    "137": "Status.TYPE",
    "142": "Status.TYPE",
    "145": "Status.TYPE",
    "148": "Status.TYPE",
    "150": "Status.TYPE",
    "153": "Status.TYPE",
    "154": "Status.TYPE",
    "158": "Status.TYPE",
    "161": "Status.TYPE",
    "164": "Status.TYPE",
    "168": "Status.TYPE",
    "186": "Status.TYPE",
    "188": "Status.TYPE",
    "192": "Status.TYPE",
    "194": "Status.TYPE",
    "197": "Status.TYPE",
    "231": "Status.TYPE",
    "256": "Status.TYPE",
    "65": "Status.TYPE",
    "74": "Status.TYPE",
    "77": "Status.TYPE",
    "78": "Status.TYPE",
    "81": "Status.TYPE",
    "83": "Status.TYPE",
    "85": "Status.TYPE",
    "87": "Status.TYPE",
    "89": "Status.TYPE",
    "90": "Status.TYPE",
    "91": "Status.TYPE",
    "93": "Status.TYPE",
    "94": "Status.TYPE",
    "95": "Status.TYPE",
    "98": "Status.TYPE",
    "?": "Status.MISSING"
  },
  "10": {
    "141.10": "Status.TYPE",
    "144.60": "Status.TYPE",
    "150.00": "Status.TYPE",
    "155.90": "Status.TYPE",
    "156.90": "Status.TYPE",
    "157.10": "Status.TYPE",
    "157.30": "Status.TYPE",
    "157.90": "Status.TYPE",
    "158.70": "Status.TYPE",
    "158.80": "Status.TYPE",
    "159.10": "Status.TYPE",
    "159.30": "Status.TYPE",
    "162.40": "Status.TYPE",
    "163.40": "Status.TYPE",
    "165.30": "Status.TYPE",
    "165.60": "Status.TYPE",
    "165.70": "Status.TYPE",
    "166.30": "Status.TYPE",
    "166.80": "Status.TYPE",
    "167.30": "Status.TYPE",
    "167.50": "Status.TYPE",
    "168.70": "Status.TYPE",
    "168.80": "Status.TYPE",
    "168.90": "Status.TYPE",
    "169.00": "Status.TYPE",
    "169.10": "Status.TYPE",
    "169.70": "Status.TYPE",
    "170.20": "Status.TYPE",
    "170.70": "Status.TYPE",
    "171.20": "Status.TYPE",
    "171.70": "Status.TYPE",
    "172.00": "Status.TYPE",
    "172.40": "Status.TYPE",
    "172.60": "Status.TYPE",
    "173.00": "Status.TYPE",
    "173.20": "Status.TYPE",
    "173.40": "Status.TYPE",
    "173.50": "Status.TYPE",
    "173.60": "Status.TYPE",
    "174.60": "Status.TYPE",
    "175.00": "Status.TYPE",
    "175.40": "Status.TYPE",
    "175.60": "Status.TYPE",
    "175.70": "Status.TYPE",
    "176.20": "Status.TYPE",
    "176.60": "Status.TYPE",
    "176.80": "Status.TYPE",
    "177.30": "Status.TYPE",
    "177.80": "Status.TYPE",
    "178.20": "Status.TYPE",
    "178.40": "Status.TYPE",
    "178.50": "Status.TYPE",
    "180.20": "Status.TYPE",
    "180.30": "Status.TYPE",
    "181.50": "Status.TYPE",
    "181.70": "Status.TYPE",
    "183.10": "Status.TYPE",
    "183.50": "Status.TYPE",
    "184.60": "Status.TYPE",
    "186.60": "Status.TYPE",
    "186.70": "Status.TYPE",
    "187.50": "Status.TYPE",
    "187.80": "Status.TYPE",
    "188.80": "Status.TYPE",
    "189.00": "Status.TYPE",
    "190.90": "Status.TYPE",
    "191.70": "Status.TYPE",
    "192.70": "Status.TYPE",
    "193.80": "Status.TYPE",
    "197.00": "Status.TYPE",
    "198.90": "Status.TYPE",
    "199.20": "Status.TYPE",
    "199.60": "Status.TYPE",
    "202.60": "Status.TYPE",
    "208.10": "Status.TYPE"
  },
  "11": {
    "60.30": "Status.TYPE",
    "61.80": "Status.TYPE",
    "62.50": "Status.TYPE",
    "63.40": "Status.TYPE",
    "63.60": "Status.TYPE",
    "63.80": "Status.TYPE",
    "63.90": "Status.TYPE",
    "64.00": "Status.TYPE",
    "64.10": "Status.TYPE",
    "64.20": "Status.TYPE",
    "64.40": "Status.TYPE",
    "64.60": "Status.TYPE",
    "64.80": "Status.TYPE",
    "65.00": "Status.TYPE",
    "65.20": "Status.TYPE",
    "65.40": "Status.TYPE",
    "65.50": "Status.TYPE",
    "65.60": "Status.TYPE",
    "65.70": "Status.TYPE",
    "66.00": "Status.TYPE",
    "66.10": "Status.TYPE",
    "66.20": "Status.TYPE",
    "66.30": "Status.TYPE",
    "66.40": "Status.TYPE",
    "66.50": "Status.TYPE",
    "66.60": "Status.TYPE",
    "66.90": "Status.TYPE",
    "67.20": "Status.TYPE",
    "67.70": "Status.TYPE",
    "67.90": "Status.TYPE",
    "68.00": "Status.TYPE",
    "68.30": "Status.TYPE",
    "68.40": "Status.TYPE",
    "68.80": "Status.TYPE",
    "68.90": "Status.TYPE",
    "69.60": "Status.TYPE",
    "70.30": "Status.TYPE",
    "70.50": "Status.TYPE",
    "70.60": "Status.TYPE",
    "70.90": "Status.TYPE",
    "71.40": "Status.TYPE",
    "71.70": "Status.TYPE",
    "72.00": "Status.TYPE",
    "72.30": "Status.TYPE"
  },
  "12": {
    "47.80": "Status.TYPE",
    "48.80": "Status.TYPE",
    "49.40": "Status.TYPE",
    "49.60": "Status.TYPE",
    "49.70": "Status.TYPE",
    "50.20": "Status.TYPE",
    "50.50": "Status.TYPE",
    "50.60": "Status.TYPE",
    "50.80": "Status.TYPE",
    "51.00": "Status.TYPE",
    "51.40": "Status.TYPE",
    "51.60": "Status.TYPE",
    "52.00": "Status.TYPE",
    "52.40": "Status.TYPE",
    "52.50": "Status.TYPE",
    "52.60": "Status.TYPE",
    "52.80": "Status.TYPE",
    "53.00": "Status.TYPE",
    "53.10": "Status.TYPE",
    "53.20": "Status.TYPE",
    "53.30": "Status.TYPE",
    "53.50": "Status.TYPE",
    "53.70": "Status.TYPE",
    "53.90": "Status.TYPE",
    "54.10": "Status.TYPE",
    "54.30": "Status.TYPE",
    "54.40": "Status.TYPE",
    "54.50": "Status.TYPE",
    "54.70": "Status.TYPE",
    "54.80": "Status.TYPE",
    "54.90": "Status.TYPE",
    "55.10": "Status.TYPE",
    "55.20": "Status.TYPE",
    "55.40": "Status.TYPE",
    "55.50": "Status.TYPE",
    "55.60": "Status.TYPE",
    "55.70": "Status.TYPE",
    "55.90": "Status.TYPE",
    "56.00": "Status.TYPE",
    "56.10": "Status.TYPE",
    "56.20": "Status.TYPE",
    "56.30": "Status.TYPE",
    "56.50": "Status.TYPE",
    "56.70": "Status.TYPE",
    "57.50": "Status.TYPE",
    "58.30": "Status.TYPE",
    "58.70": "Status.TYPE",
    "59.10": "Status.TYPE",
    "59.80": "Status.TYPE"
  },
  "13": {
    "1488": "Status.TYPE",
    "1713": "Status.TYPE",
    "1819": "Status.TYPE",
    "1837": "Status.TYPE",
    "1874": "Status.TYPE",
    "1876": "Status.TYPE",
    "1889": "Status.TYPE",
    "1890": "Status.TYPE",
    "1900": "Status.TYPE",
    "1905": "Status.TYPE",
    "1909": "Status.TYPE",
    "1918": "Status.TYPE",
    "1938": "Status.TYPE",
    "1940": "Status.TYPE",
    "1944": "Status.TYPE",
    "1945": "Status.TYPE",
    "1950": "Status.TYPE",
    "1951": "Status.TYPE",
    "1956": "Status.TYPE",
    "1967": "Status.TYPE",
    "1971": "Status.TYPE",
    "1985": "Status.TYPE",
    "1989": "Status.TYPE",
    "2004": "Status.TYPE",
    "2008": "Status.TYPE",
    "2010": "Status.TYPE",
    "2015": "Status.TYPE",
    "2017": "Status.TYPE",
    "2024": "Status.TYPE",
    "2028": "Status.TYPE",
    "2037": "Status.TYPE",
    "2040": "Status.TYPE",
    "2050": "Status.TYPE",
    "2081": "Status.TYPE",
    "2094": "Status.TYPE",
    "2109": "Status.TYPE",
    "2120": "Status.TYPE",
    "2122": "Status.TYPE",
    "2128": "Status.TYPE",
    "2140": "Status.TYPE",
    "2145": "Status.TYPE",
    "2169": "Status.TYPE",
    "2190": "Status.TYPE",
    "2191": "Status.TYPE",
    "2204": "Status.TYPE",
    "2209": "Status.TYPE",
    "2212": "Status.TYPE",
    "2221": "Status.TYPE",
    "2236": "Status.TYPE",
    "2240": "Status.TYPE",
    "2254": "Status.TYPE",
    "2261": "Status.TYPE",
    "2264": "Status.TYPE",
    "2265": "Status.TYPE",
    "2275": "Status.TYPE",
    "2280": "Status.TYPE",
    "2289": "Status.TYPE",
    "2290": "Status.TYPE",
    "2293": "Status.TYPE",
    "2300": "Status.TYPE",
    "2302": "Status.TYPE",
    "2304": "Status.TYPE",
    "2319": "Status.TYPE",
    "2324": "Status.TYPE",
    "2326": "Status.TYPE",
    "2328": "Status.TYPE",
    "2337": "Status.TYPE",
    "2340": "Status.TYPE",
    "2365": "Status.TYPE",
    "2370": "Status.TYPE",
    "2372": "Status.TYPE",
    "2380": "Status.TYPE",
    "2385": "Status.TYPE",
    "2395": "Status.TYPE",
    "2403": "Status.TYPE",
    "2405": "Status.TYPE",
    "2410": "Status.TYPE",
    "2414": "Status.TYPE",
    "2420": "Status.TYPE",
    "2425": "Status.TYPE",
    "2443": "Status.TYPE",
    "2455": "Status.TYPE",
    "2458": "Status.TYPE",
    "2460": "Status.TYPE",
    "2465": "Status.TYPE",
    "2480": "Status.TYPE",
    "2500": "Status.TYPE",
    "2507": "Status.TYPE",
    "2510": "Status.TYPE",
    "2535": "Status.TYPE",
    "2536": "Status.TYPE",
    "2540": "Status.TYPE",
    "2548": "Status.TYPE",
    "2551": "Status.TYPE",
    "2563": "Status.TYPE",
    "2579": "Status.TYPE",
    "2650": "Status.TYPE",
    "2658": "Status.TYPE",
    "2661": "Status.TYPE",
    "2670": "Status.TYPE",
    "2679": "Status.TYPE",
    "2695": "Status.TYPE",
    "2700": "Status.TYPE",
    "2707": "Status.TYPE",
    "2710": "Status.TYPE",
    "2714": "Status.TYPE",
    "2734": "Status.TYPE",
    "2756": "Status.TYPE",
    "2758": "Status.TYPE",
    "2765": "Status.TYPE",
    "2778": "Status.TYPE",
    "2800": "Status.TYPE",
    "2808": "Status.TYPE",
    "2811": "Status.TYPE",
    "2818": "Status.TYPE",
    "2823": "Status.TYPE",
    "2824": "Status.TYPE",
    "2833": "Status.TYPE",
    "2844": "Status.TYPE",
    "2847": "Status.TYPE",
    "2910": "Status.TYPE",
    "2912": "Status.TYPE",
    "2921": "Status.TYPE",
    "2926": "Status.TYPE",
    "2935": "Status.TYPE",
    "2952": "Status.TYPE",
    "2954": "Status.TYPE",
    "2975": "Status.TYPE",
    "2976": "Status.TYPE",
    "3012": "Status.TYPE",
    "3016": "Status.TYPE",
    "3020": "Status.TYPE",
    "3034": "Status.TYPE",
    "3042": "Status.TYPE",
    "3045": "Status.TYPE",
    "3049": "Status.TYPE",
    "3053": "Status.TYPE",
    "3055": "Status.TYPE",
    "3060": "Status.TYPE",
    "3062": "Status.TYPE",
    "3071": "Status.TYPE",
    "3075": "Status.TYPE",
    "3086": "Status.TYPE",
    "3095": "Status.TYPE",
    "3110": "Status.TYPE",
    "3130": "Status.TYPE",
    "3131": "Status.TYPE",
    "3139": "Status.TYPE",
    "3151": "Status.TYPE",
    "3157": "Status.TYPE",
    "3197": "Status.TYPE",
    "3217": "Status.TYPE",
    "3230": "Status.TYPE",
    "3252": "Status.TYPE",
    "3285": "Status.TYPE",
    "3296": "Status.TYPE",
    "3366": "Status.TYPE",
    "3380": "Status.TYPE",
    "3430": "Status.TYPE",
    "3485": "Status.TYPE",
    "3495": "Status.TYPE",
    "3505": "Status.TYPE",
    "3515": "Status.TYPE",
    "3685": "Status.TYPE",
    "3715": "Status.TYPE",
    "3740": "Status.TYPE",
    "3750": "Status.TYPE",
    "3770": "Status.TYPE",
    "3900": "Status.TYPE",
    "3950": "Status.TYPE",
    "4066": "Status.TYPE"
  },
  "14": {
    "dohc": "Status.TYPE",
    "dohcv": "Status.TYPE",
    "l": "Status.TYPE",
    "ohc": "Status.TYPE",
    "ohcf": "Status.TYPE",
    "ohcv": "Status.TYPE",
    "rotor": "Status.TYPE"
  },
  "15": {
    "eight": "Status.TYPE",
    "five": "Status.TYPE",
    "four": "Status.TYPE",
    "six": "Status.TYPE",
    "three": "Status.TYPE",
    "twelve": "Status.TYPE",
    "two": "Status.TYPE"
  },
  "16": {
    "103": "Status.TYPE",
    "108": "Status.TYPE",
    "109": "Status.TYPE",
    "110": "Status.TYPE",
    "111": "Status.TYPE",
    "119": "Status.TYPE",
    "120": "Status.TYPE",
    "121": "Status.TYPE",
    "122": "Status.TYPE",
    "130": "Status.TYPE",
    "131": "Status.TYPE",
    "132": "Status.TYPE",
    "134": "Status.TYPE",
    "136": "Status.TYPE",
    "140": "Status.TYPE",
    "141": "Status.TYPE",
    "145": "Status.TYPE",
    "146": "Status.TYPE",
    "151": "Status.TYPE",
    "152": "Status.TYPE",
    "156": "Status.TYPE",
    "161": "Status.TYPE",
    "164": "Status.TYPE",
    "171": "Status.TYPE",
    "173": "Status.TYPE",
    "181": "Status.TYPE",
    "183": "Status.TYPE",
    "194": "Status.TYPE",
    "203": "Status.TYPE",
    "209": "Status.TYPE",
    "234": "Status.TYPE",
    "258": "Status.TYPE",
    "304": "Status.TYPE",
    "308": "Status.TYPE",
    "326": "Status.TYPE",
    "61": "Status.TYPE",
    "70": "Status.TYPE",
    "79": "Status.TYPE",
    "80": "Status.TYPE",
    "90": "Status.TYPE",
    "91": "Status.TYPE",
    "92": "Status.TYPE",
    "97": "Status.TYPE",
    "98": "Status.TYPE"
  },
  "17": {
    "1bbl": "Status.TYPE",
    "2bbl": "Status.TYPE",
    "4bbl": "Status.TYPE",
    "idi": "Status.TYPE",
    "mfi": "Status.TYPE",
    "mpfi": "Status.TYPE",
    "spdi": "Status.TYPE",
    "spfi": "Status.TYPE"
  },
  "18": {
    "2.54": "Status.TYPE",
    "2.68": "Status.TYPE",
    "2.91": "Status.TYPE",
    "2.92": "Status.TYPE",
    "2.97": "Status.TYPE",
    "2.99": "Status.TYPE",
    "3.01": "Status.TYPE",
    "3.03": "Status.TYPE",
    "3.05": "Status.TYPE",
    "3.08": "Status.TYPE",
    "3.13": "Status.TYPE",
    "3.15": "Status.TYPE",
    "3.17": "Status.TYPE",
    "3.19": "Status.TYPE",
    "3.24": "Status.TYPE",
    "3.27": "Status.TYPE",
    "3.31": "Status.TYPE",
    "3.33": "Status.TYPE",
    "3.34": "Status.TYPE",
    "3.35": "Status.TYPE",
    "3.39": "Status.TYPE",
    "3.43": "Status.TYPE",
    "3.46": "Status.TYPE",
    "3.47": "Status.TYPE",
    "3.50": "Status.TYPE",
    "3.54": "Status.TYPE",
    "3.58": "Status.TYPE",
    "3.59": "Status.TYPE",
    "3.60": "Status.TYPE",
    "3.61": "Status.TYPE",
    "3.62": "Status.TYPE",
    "3.63": "Status.TYPE",
    "3.70": "Status.TYPE",
    "3.74": "Status.TYPE",
    "3.76": "Status.TYPE",
    "3.78": "Status.TYPE",
    "3.80": "Status.TYPE",
    "3.94": "Status.TYPE",
    "?": "Status.MISSING"
  },
  "19": {
    "2.07": "Status.TYPE",
    "2.19": "Status.TYPE",
    "2.36": "Status.TYPE",
    "2.64": "Status.TYPE",
    "2.68": "Status.TYPE",
    "2.76": "Status.TYPE",
    "2.80": "Status.TYPE",
    "2.87": "Status.TYPE",
    "2.90": "Status.TYPE",
    "3.03": "Status.TYPE",
    "3.07": "Status.TYPE",
    "3.08": "Status.TYPE",
    "3.10": "Status.TYPE",
    "3.11": "Status.TYPE",
    "3.12": "Status.TYPE",
    "3.15": "Status.TYPE",
    "3.16": "Status.TYPE",
    "3.19": "Status.TYPE",
    "3.21": "Status.TYPE",
    "3.23": "Status.TYPE",
    "3.27": "Status.TYPE",
    "3.29": "Status.TYPE",
    "3.35": "Status.TYPE",
    "3.39": "Status.TYPE",
    "3.40": "Status.TYPE",
    "3.41": "Status.TYPE",
    "3.46": "Status.TYPE",
    "3.47": "Status.TYPE",
    "3.50": "Status.TYPE",
    "3.52": "Status.TYPE",
    "3.54": "Status.TYPE",
    "3.58": "Status.TYPE",
    "3.64": "Status.TYPE",
    "3.86": "Status.TYPE",
    "3.90": "Status.TYPE",
    "4.17": "Status.TYPE",
    "?": "Status.MISSING"
  },
  "2": {
    "alfa-romero": "Status.TYPE",
    "audi": "Status.TYPE",
    "bmw": "Status.TYPE",
    "chevrolet": "Status.TYPE",
    "dodge": "Status.TYPE",
    "honda": "Status.TYPE",
    "isuzu": "Status.TYPE",
    "jaguar": "Status.TYPE",
    "mazda": "Status.TYPE",
    "mercedes-benz": "Status.TYPE",
    "mercury": "Status.TYPE",
    "mitsubishi": "Status.TYPE",
    "nissan": "Status.TYPE",
    "peugot": "Status.TYPE",
    "plymouth": "Status.TYPE",
    "porsche": "Status.TYPE",
    "renault": "Status.TYPE",
    "saab": "Status.TYPE",
    "subaru": "Status.TYPE",
    "toyota": "Status.TYPE",
    "volkswagen": "Status.TYPE",
    "volvo": "Status.TYPE"
  },
  "20": {
    "10.00": "Status.TYPE",
    "10.10": "Status.TYPE",
    "11.50": "Status.TYPE",
    "21.00": "Status.TYPE",
    "21.50": "Status.TYPE",
    "21.90": "Status.TYPE",
    "22.00": "Status.TYPE",
    "22.50": "Status.TYPE",
    "22.70": "Status.TYPE",
    "23.00": "Status.TYPE",
    "7.00": "Status.TYPE",
    "7.50": "Status.TYPE",
    "7.60": "Status.TYPE",
    "7.70": "Status.TYPE",
    "7.80": "Status.TYPE",
    "8.00": "Status.TYPE",
    "8.10": "Status.TYPE",
    "8.30": "Status.TYPE",
    "8.40": "Status.TYPE",
    "8.50": "Status.TYPE",
    "8.60": "Status.TYPE",
    "8.70": "Status.TYPE",
    "8.80": "Status.TYPE",
    "9.00": "Status.TYPE",
    "9.10": "Status.TYPE",
    "9.20": "Status.TYPE",
    "9.30": "Status.TYPE",
    "9.31": "Status.TYPE",
    "9.40": "Status.TYPE",
    "9.41": "Status.TYPE",
    "9.50": "Status.TYPE",
    "9.60": "Status.TYPE"
  },
  "21": {
    "100": "Status.TYPE",
    "101": "Status.TYPE",
    "102": "Status.TYPE",
    "106": "Status.TYPE",
    "110": "Status.TYPE",
    "111": "Status.TYPE",
    "112": "Status.TYPE",
    "114": "Status.TYPE",
    "115": "Status.TYPE",
    "116": "Status.TYPE",
    "120": "Status.TYPE",
    "121": "Status.TYPE",
    "123": "Status.TYPE",
    "134": "Status.TYPE",
    "135": "Status.TYPE",
    "140": "Status.TYPE",
    "142": "Status.TYPE",
    "143": "Status.TYPE",
    "145": "Status.TYPE",
    "152": "Status.TYPE",
    "154": "Status.TYPE",
    "155": "Status.TYPE",
    "156": "Status.TYPE",
    "160": "Status.TYPE",
    "161": "Status.TYPE",
    "162": "Status.TYPE",
    "175": "Status.TYPE",
    "176": "Status.TYPE",
    "182": "Status.TYPE",
    "184": "Status.TYPE",
    "200": "Status.TYPE",
    "207": "Status.TYPE",
    "262": "Status.TYPE",
    "288": "Status.TYPE",
    "48": "Status.TYPE",
    "52": "Status.TYPE",
    "55": "Status.TYPE",
    "56": "Status.TYPE",
    "58": "Status.TYPE",
    "60": "Status.TYPE",
    "62": "Status.TYPE",
    "64": "Status.TYPE",
    "68": "Status.TYPE",
    "69": "Status.TYPE",
    "70": "Status.TYPE",
    "72": "Status.TYPE",
    "73": "Status.TYPE",
    "76": "Status.TYPE",
    "78": "Status.TYPE",
    "82": "Status.TYPE",
    "84": "Status.TYPE",
    "85": "Status.TYPE",
    "86": "Status.TYPE",
    "88": "Status.TYPE",
    "90": "Status.TYPE",
    "92": "Status.TYPE",
    "94": "Status.TYPE",
    "95": "Status.TYPE",
    "97": "Status.TYPE",
    "?": "Status.MISSING"
  },
  "22": {
    "4150": "Status.TYPE",
    "4200": "Status.TYPE",
    "4250": "Status.TYPE",
    "4350": "Status.TYPE",
    "4400": "Status.TYPE",
    "4500": "Status.TYPE",
    "4650": "Status.TYPE",
    "4750": "Status.TYPE",
    "4800": "Status.TYPE",
    "4900": "Status.TYPE",
    "5000": "Status.TYPE",
    "5100": "Status.TYPE",
    "5200": "Status.TYPE",
    "5250": "Status.TYPE",
    "5300": "Status.TYPE",
    "5400": "Status.TYPE",
    "5500": "Status.TYPE",
    "5600": "Status.TYPE",
    "5750": "Status.TYPE",
    "5800": "Status.TYPE",
    "5900": "Status.TYPE",
    "6000": "Status.TYPE",
    "6600": "Status.TYPE",
    "?": "Status.MISSING"
  },
  "23": {
    "13": "Status.TYPE",
    "14": "Status.TYPE",
    "15": "Status.TYPE",
    "16": "Status.TYPE",
    "17": "Status.TYPE",
    "18": "Status.TYPE",
    "19": "Status.TYPE",
    "20": "Status.TYPE",
    "21": "Status.TYPE",
    "22": "Status.TYPE",
    "23": "Status.TYPE",
    "24": "Status.TYPE",
    "25": "Status.TYPE",
    "26": "Status.TYPE",
    "27": "Status.TYPE",
    "28": "Status.TYPE",
    "29": "Status.TYPE",
    "30": "Status.TYPE",
    "31": "Status.TYPE",
    "32": "Status.TYPE",
    "33": "Status.TYPE",
    "34": "Status.TYPE",
    "35": "Status.TYPE",
    "36": "Status.TYPE",
    "37": "Status.TYPE",
    "38": "Status.TYPE",
    "45": "Status.TYPE",
    "47": "Status.TYPE",
    "49": "Status.TYPE"
  },
  "24": {
    "16": "Status.TYPE",
    "17": "Status.TYPE",
    "18": "Status.TYPE",
    "19": "Status.TYPE",
    "20": "Status.TYPE",
    "22": "Status.TYPE",
    "23": "Status.TYPE",
    "24": "Status.TYPE",
    "25": "Status.TYPE",
    "26": "Status.TYPE",
    "27": "Status.TYPE",
    "28": "Status.TYPE",
    "29": "Status.TYPE",
    "30": "Status.TYPE",
    "31": "Status.TYPE",
    "32": "Status.TYPE",
    "33": "Status.TYPE",
    "34": "Status.TYPE",
    "36": "Status.TYPE",
    "37": "Status.TYPE",
    "38": "Status.TYPE",
    "39": "Status.TYPE",
    "41": "Status.TYPE",
    "42": "Status.TYPE",
    "43": "Status.TYPE",
    "46": "Status.TYPE",
    "47": "Status.TYPE",
    "50": "Status.TYPE",
    "53": "Status.TYPE",
    "54": "Status.TYPE"
  },
  "25": {
    "10198": "Status.TYPE",
    "10245": "Status.TYPE",
    "10295": "Status.TYPE",
    "10345": "Status.TYPE",
    "10595": "Status.TYPE",
    "10698": "Status.TYPE",
    "10795": "Status.TYPE",
    "10898": "Status.TYPE",
    "10945": "Status.TYPE",
    "11048": "Status.TYPE",
    "11199": "Status.TYPE",
    "11245": "Status.TYPE",
    "11248": "Status.TYPE",
    "11259": "Status.TYPE",
    "11549": "Status.TYPE",
    "11595": "Status.TYPE",
    "11694": "Status.TYPE",
    "11845": "Status.TYPE",
    "11850": "Status.TYPE",
    "11900": "Status.TYPE",
    "12170": "Status.TYPE",
    "12290": "Status.TYPE",
    "12440": "Status.TYPE",
    "12629": "Status.TYPE",
    "12764": "Status.TYPE",
    "12940": "Status.TYPE",
    "12945": "Status.TYPE",
    "12964": "Status.TYPE",
    "13200": "Status.TYPE",
    "13295": "Status.TYPE",
    "13415": "Status.TYPE",
    "13495": "Status.TYPE",
    "13499": "Status.TYPE",
    "13645": "Status.TYPE",
    "13845": "Status.TYPE",
    "13860": "Status.TYPE",
    "13950": "Status.TYPE",
    "14399": "Status.TYPE",
    "14489": "Status.TYPE",
    "14869": "Status.TYPE",
    "15040": "Status.TYPE",
    "15250": "Status.TYPE",
    "15510": "Status.TYPE",
    "15580": "Status.TYPE",
    "15645": "Status.TYPE",
    "15690": "Status.TYPE",
    "15750": "Status.TYPE",
    "15985": "Status.TYPE",
    "15998": "Status.TYPE",
    "16430": "Status.TYPE",
    "16500": "Status.TYPE",
    "16503": "Status.TYPE",
    "16515": "Status.TYPE",
    "16558": "Status.TYPE",
    "16630": "Status.TYPE",
    "16695": "Status.TYPE",
    "16845": "Status.TYPE",
    "16900": "Status.TYPE",
    "16925": "Status.TYPE",
    "17075": "Status.TYPE",
    "17199": "Status.TYPE",
    "17450": "Status.TYPE",
    "17669": "Status.TYPE",
    "17710": "Status.TYPE",
    "17950": "Status.TYPE",
    "18150": "Status.TYPE",
    "18280": "Status.TYPE",
    "18344": "Status.TYPE",
    "18399": "Status.TYPE",
    "18420": "Status.TYPE",
    "18620": "Status.TYPE",
    "18920": "Status.TYPE",
    "18950": "Status.TYPE",
    "19045": "Status.TYPE",
    "19699": "Status.TYPE",
    "20970": "Status.TYPE",
    "21105": "Status.TYPE",
    "21485": "Status.TYPE",
    "22018": "Status.TYPE",
    "22470": "Status.TYPE",
    "22625": "Status.TYPE",
    "23875": "Status.TYPE",
    "24565": "Status.TYPE",
    "25552": "Status.TYPE",
    "28176": "Status.TYPE",
    "28248": "Status.TYPE",
    "30760": "Status.TYPE",
    "31600": "Status.TYPE",
    "32250": "Status.TYPE",
    "32528": "Status.TYPE",
    "34028": "Status.TYPE",
    "34184": "Status.TYPE",
    "35056": "Status.TYPE",
    "35550": "Status.TYPE",
    "36000": "Status.TYPE",
    "36880": "Status.TYPE",
    "37028": "Status.TYPE",
    "40960": "Status.TYPE",
    "41315": "Status.TYPE",
    "45400": "Status.TYPE",
    "5118": "Status.TYPE",
    "5151": "Status.TYPE",
    "5195": "Status.TYPE",
    "5348": "Status.TYPE",
    "5389": "Status.TYPE",
    "5399": "Status.TYPE",
    "5499": "Status.TYPE",
    "5572": "Status.TYPE",
    "6095": "Status.TYPE",
    "6189": "Status.TYPE",
    "6229": "Status.TYPE",
    "6295": "Status.TYPE",
    "6338": "Status.TYPE",
    "6377": "Status.TYPE",
    "6479": "Status.TYPE",
    "6488": "Status.TYPE",
    "6529": "Status.TYPE",
    "6575": "Status.TYPE",
    "6649": "Status.TYPE",
    "6669": "Status.TYPE",
    "6692": "Status.TYPE",
    "6695": "Status.TYPE",
    "6785": "Status.TYPE",
    "6795": "Status.TYPE",
    "6849": "Status.TYPE",
    "6855": "Status.TYPE",
    "6918": "Status.TYPE",
    "6938": "Status.TYPE",
    "6989": "Status.TYPE",
    "7053": "Status.TYPE",
    "7099": "Status.TYPE",
    "7126": "Status.TYPE",
    "7129": "Status.TYPE",
    "7198": "Status.TYPE",
    "7295": "Status.TYPE",
    "7299": "Status.TYPE",
    "7349": "Status.TYPE",
    "7395": "Status.TYPE",
    "7463": "Status.TYPE",
    "7499": "Status.TYPE",
    "7603": "Status.TYPE",
    "7609": "Status.TYPE",
    "7689": "Status.TYPE",
    "7738": "Status.TYPE",
    "7775": "Status.TYPE",
    "7788": "Status.TYPE",
    "7799": "Status.TYPE",
    "7895": "Status.TYPE",
    "7898": "Status.TYPE",
    "7957": "Status.TYPE",
    "7975": "Status.TYPE",
    "7995": "Status.TYPE",
    "7999": "Status.TYPE",
    "8013": "Status.TYPE",
    "8058": "Status.TYPE",
    "8189": "Status.TYPE",
    "8195": "Status.TYPE",
    "8238": "Status.TYPE",
    "8249": "Status.TYPE",
    "8358": "Status.TYPE",
    "8449": "Status.TYPE",
    "8495": "Status.TYPE",
    "8499": "Status.TYPE",
    "8558": "Status.TYPE",
    "8778": "Status.TYPE",
    "8845": "Status.TYPE",
    "8921": "Status.TYPE",
    "8948": "Status.TYPE",
    "8949": "Status.TYPE",
    "9095": "Status.TYPE",
    "9233": "Status.TYPE",
    "9258": "Status.TYPE",
    "9279": "Status.TYPE",
    "9295": "Status.TYPE",
    "9298": "Status.TYPE",
    "9495": "Status.TYPE",
    "9538": "Status.TYPE",
    "9549": "Status.TYPE",
    "9639": "Status.TYPE",
    "9895": "Status.TYPE",
    "9959": "Status.TYPE",
    "9960": "Status.TYPE",
    "9980": "Status.TYPE",
    "9988": "Status.TYPE",
    "9989": "Status.TYPE",
    "9995": "Status.TYPE",
    "?": "Status.MISSING"
  },
  "3": {
    "diesel": "Status.TYPE",
    "gas": "Status.TYPE"
  },
  "4": {
    "std": "Status.TYPE",
    "turbo": "Status.TYPE"
  },
  "5": {
    "?": "Status.MISSING",
    "four": "Status.TYPE",
    "two": "Status.TYPE"
  },
  "6": {
    "convertible": "Status.TYPE",
    "hardtop": "Status.TYPE",
    "hatchback": "Status.TYPE",
    "sedan": "Status.TYPE",
    "wagon": "Status.TYPE"
  },
  "7": {
    "4wd": "Status.TYPE",
    "fwd": "Status.TYPE",
    "rwd": "Status.TYPE"
  },
  "8": {
    "front": "Status.TYPE",
    "rear": "Status.TYPE"
  },
  "9": {
    "100.40": "Status.TYPE",
    "101.20": "Status.TYPE",
    "102.00": "Status.TYPE",
    "102.40": "Status.TYPE",
    "102.70": "Status.TYPE",
    "102.90": "Status.TYPE",
    "103.30": "Status.TYPE",
    "103.50": "Status.TYPE",
    "104.30": "Status.TYPE",
    "104.50": "Status.TYPE",
    "104.90": "Status.TYPE",
    "105.80": "Status.TYPE",
    "106.70": "Status.TYPE",
    "107.90": "Status.TYPE",
    "108.00": "Status.TYPE",
    "109.10": "Status.TYPE",
    "110.00": "Status.TYPE",
    "112.00": "Status.TYPE",
    "113.00": "Status.TYPE",
    "114.20": "Status.TYPE",
    "115.60": "Status.TYPE",
    "120.90": "Status.TYPE",
    "86.60": "Status.TYPE",
    "88.40": "Status.TYPE",
    "88.60": "Status.TYPE",
    "89.50": "Status.TYPE",
    "91.30": "Status.TYPE",
    "93": "Status.TYPE",
    "93.10": "Status.TYPE",
    "93.30": "Status.TYPE",
    "93.70": "Status.TYPE",
    "94.30": "Status.TYPE",
    "94.50": "Status.TYPE",
    "95.10": "Status.TYPE",
    "95.30": "Status.TYPE",
    "95.70": "Status.TYPE",
    "95.90": "Status.TYPE",
    "96.00": "Status.TYPE",
    "96.10": "Status.TYPE",
    "96.30": "Status.TYPE",
    "96.50": "Status.TYPE",
    "96.60": "Status.TYPE",
    "96.90": "Status.TYPE",
    "97.00": "Status.TYPE",
    "97.20": "Status.TYPE",
    "97.30": "Status.TYPE",
    "98.40": "Status.TYPE",
    "98.80": "Status.TYPE",
    "99.10": "Status.TYPE",
    "99.20": "Status.TYPE",
    "99.40": "Status.TYPE",
    "99.50": "Status.TYPE",
    "99.80": "Status.TYPE"
  }
}