{
  "ARC_City": {
    "": "Status.MISSING",
    "Beechview": "Status.TYPE",
    "Bellevue": "Status.TYPE",
    "Bethel Park": "Status.TYPE",
    "Bloomfield": "Status.TYPE",
    "Braddock Hills": "Status.TYPE",
    "Brentwood": "Status.TYPE",
    "Buttermilk Hollow": "Status.TYPE",
    "Camp Horne": "Status.TYPE",
    "Carnegie": "Status.TYPE",
    "Caste Village": "Status.TYPE",
    "Castle Shannon": "Status.TYPE",
    "Centre Ave": "Status.TYPE",
    "Century III": "Status.TYPE",
    "Century Square": "Status.TYPE",
    "Coraopolis": "Status.TYPE",
    "Crafton": "Status.TYPE",
    "Duquesne": "Status.TYPE",
    "Duquesne Village": "Status.TYPE",
    "East Liberty": "Status.TYPE",
    "Edgewood": "Status.TYPE",
    "Elizabeth": "Status.TYPE",
    "Fox Chapel": "Status.TYPE",
    "Frankstown": "Status.TYPE",
    "Gibsonia": "Status.TYPE",
    "Glenshaw": "Status.TYPE",
    "Greenfield": "Status.TYPE",
    "Greentree": "Status.TYPE",
    "Harmar": "Status.TYPE",
    "Harmarville": "Status.TYPE",
    "Haymaker Village": "Status.TYPE",
    "Heidelberg": "Status.TYPE",
    "Holiday Park": "Status.TYPE",
    "Homestead": "Status.TYPE",
    "Imperial": "Status.TYPE",
    "Ingomar": "Status.TYPE",
    "Kennedy Twp.": "Status.TYPE",
    "Lawrenceville": "Status.TYPE",
    "Leetsdale": "Status.TYPE",
    "McKeesport": "Status.TYPE",
    "Mckeesport": "Status.TYPE",
    "Monroeville": "Status.TYPE",
    "Monroeville Blvd.": "Status.TYPE",
    "Moon Twp.": "Status.TYPE",
    "Mt. Oliver": "Status.TYPE",
    "Mt. Washington": "Status.TYPE",
    "Natrona Heights": "Status.TYPE",
    "Noblestown": "Status.TYPE",
    "North Fayette": "Status.TYPE",
    "North Hills": "Status.TYPE",
    "North Shore": "Status.TYPE",
    "North Side": "Status.TYPE",
    "North Versailles": "Status.TYPE",
    "Northside": "Status.TYPE",
    "Olympia": "Status.TYPE",
    "Penn Hills": "Status.TYPE",
    "Pine Creek": "Status.TYPE",
    "Pine Township": "Status.TYPE",
    "Pines Plaza": "Status.TYPE",
    "Robinson": "Status.TYPE",
    "Robinson Twp.": "Status.TYPE",
    "Rochester Road": "Status.TYPE",
    "Russelton": "Status.TYPE",
    "Shadyside": "Status.TYPE",
    "Shaler": "Status.TYPE",
    "South Fayette": "Status.TYPE",
    "South Hills": "Status.TYPE",
    "South Hills Village": "Status.TYPE",
    "South Side": "Status.TYPE",
    "Squirrel Hill": "Status.TYPE",
    "Tarentum": "Status.TYPE",
    "Turtle Creek": "Status.TYPE",
    "Verona": "Status.TYPE",
    "Village Square": "Status.TYPE",
    "Virginia Manor": "Status.TYPE",
    "West Mifflin": "Status.TYPE",
    "West View": "Status.TYPE",
    "White Oak": "Status.TYPE",
    "Wilkins Twp.": "Status.TYPE",
    "Wilkinsburg": "Status.TYPE"
  },
  "ARC_State": {
    "": "None"
  },
  "ARC_Street": {
    "": "Status.MISSING",
    "100 Settlers Ridge Center Dr.": "Status.TYPE",
    "100 Wal Mart Drive": "Status.TYPE",
    "1017 4th Avenue": "Status.TYPE",
    "1029 West View Park Drive": "Status.TYPE",
    "1117 Mill Town Road": "Status.TYPE",
    "1119 Brownsville Road": "Status.TYPE",
    "1130 Highwood St.": "Status.TYPE",
    "1130 Perry Highway": "Status.TYPE",
    "125 Virginia Avenue": "Status.TYPE",
    "132 Ben Avon Heights Road": "Status.TYPE",
    "1356 Hoffman Boulevard": "Status.TYPE",
    "155 Towne Centre Drive": "Status.TYPE",
    "1616 Broadway Ave.": "Status.TYPE",
    "1620 Babcock Blvd.": "Status.TYPE",
    "1671 Butler Plank Road": "Status.TYPE",
    "1701 Lincoln Highway": "Status.TYPE",
    "1705 S. Braddock Avenue": "Status.TYPE",
    "1710 Pacific Avenue": "Status.TYPE",
    "1717 Cochran Road": "Status.TYPE",
    "1800 Mckees Rocks Road": "Status.TYPE",
    "184 Rochester Road": "Status.TYPE",
    "1850 Centre Ave.": "Status.TYPE",
    "1886 Homeville Road": "Status.TYPE",
    "1901 Murray Avenue": "Status.TYPE",
    "1916 Murray Avenue": "Status.TYPE",
    "200 Allegheny River Boulevard": "Status.TYPE",
    "2001 Lincoln Way": "Status.TYPE",
    "201 Richland Mall": "Status.TYPE",
    "201 South Hills Village": "Status.TYPE",
    "2010 Village Center Drive": "Status.TYPE",
    "2021 Wharton Street": "Status.TYPE",
    "2100 Washington Pike": "Status.TYPE",
    "2103 Noblestown Road": "Status.TYPE",
    "2116 Brownsville Rd.": "Status.TYPE",
    "2200 Washington Pike": "Status.TYPE",
    "230 Rodi Road": "Status.TYPE",
    "2351 Century Drive": "Status.TYPE",
    "2362 Golden Mile Highway": "Status.TYPE",
    "2381 Mountain View Drive": "Status.TYPE",
    "25 Foster Avenue": "Status.TYPE",
    "250 Summit Park Drive": "Status.TYPE",
    "254 Yost Boulevard": "Status.TYPE",
    "2611 Freeport Road": "Status.TYPE",
    "2661 Freeport Road": "Status.TYPE",
    "2820 Universal Road": "Status.TYPE",
    "3125 Banksville Road": "Status.TYPE",
    "318-320 Cedar Avenue": "Status.TYPE",
    "3239 Washington Pike": "Status.TYPE",
    "3335 William Penn Highway": "Status.TYPE",
    "355 Lincoln Highway": "Status.TYPE",
    "360 East Waterfront Dr.": "Status.TYPE",
    "3621 Brownsville Road": "Status.TYPE",
    "3812 O'Neil Boulevard": "Status.ANOMALOUS",
    "4004 Monroeville Rd.": "Status.TYPE",
    "4010 Monroeville Boulevard": "Status.TYPE",
    "4015 Freeport Road": "Status.TYPE",
    "4110 Brighton Road": "Status.TYPE",
    "420 East Waterfront Drive": "Status.TYPE",
    "4250 Murray Avenue": "Status.TYPE",
    "4313 Walnut Street": "Status.TYPE",
    "4401 Liberty Avenue": "Status.TYPE",
    "450 56th Street": "Status.TYPE",
    "4548 Broadway Boulevard": "Status.TYPE",
    "4647 Buttermilk Hollow Road": "Status.TYPE",
    "4680 Old William Penn Hwy.": "Status.TYPE",
    "4801 McKnight Road": "Status.TYPE",
    "5001 Library Road": "Status.TYPE",
    "5055 Library Road": "Status.TYPE",
    "5260 Grove Road": "Status.TYPE",
    "5550 Centre Avenue": "Status.TYPE",
    "5990 University Boulevard": "Status.TYPE",
    "600 Chauvet Drive": "Status.TYPE",
    "600 Market Place Drive": "Status.TYPE",
    "600 Towne Square Way": "Status.TYPE",
    "6231 Penn Ave.": "Status.TYPE",
    "6320 Shakespeare Street": "Status.TYPE",
    "661 Lincoln Avenue": "Status.TYPE",
    "700 Buelah Road": "Status.TYPE",
    "7000 Oxford Drive": "Status.TYPE",
    "725 Ross Ave.": "Status.TYPE",
    "745 West Ingomar Road": "Status.TYPE",
    "79 Soldiers Lane": "Status.TYPE",
    "799 Castle Shannon Blvd.": "Status.TYPE",
    "800 Mckeesport Road": "Status.TYPE",
    "8050 McKnight Road": "Status.TYPE",
    "815 Fifth Avenue": "Status.TYPE",
    "825 Beaver Grade Road": "Status.TYPE",
    "9 Duquesne Plaza": "Status.TYPE",
    "9001 Frankstown Road": "Status.TYPE",
    "908 Little Deer Creek Valley Rd.": "Status.TYPE",
    "910 Freeport Road": "Status.TYPE",
    "917 Butler Street": "Status.TYPE",
    "9805 McKnight Road": "Status.TYPE",
    "9901 Mountain View Drive": "Status.TYPE",
    "Crafton-Ingram Shopping Center": "Status.TYPE",
    "Parkway Center Mall": "Status.TYPE",
    "Quaker Village Shopping Center": "Status.TYPE"
  },
  "ARC_ZIP": {
    "": "Status.MISSING",
    "15017": "Status.TYPE",
    "15037": "Status.TYPE",
    "15044": "Status.TYPE",
    "15056": "Status.TYPE",
    "15065": "Status.TYPE",
    "15071": "Status.TYPE",
    "15076": "Status.TYPE",
    "15084": "Status.TYPE",
    "15090": "Status.TYPE",
    "15102": "Status.TYPE",
    "15106": "Status.TYPE",
    "15108": "Status.TYPE",
    "15110": "Status.TYPE",
    "15116": "Status.TYPE",
    "15120": "Status.TYPE",
    "15122": "Status.TYPE",
    "15127": "Status.TYPE",
    "15131": "Status.TYPE",
    "15132": "Status.TYPE",
    "15136": "Status.TYPE",
    "15137": "Status.TYPE",
    "15145": "Status.TYPE",
    "15146": "Status.TYPE",
    "15147": "Status.TYPE",
    "15201": "Status.TYPE",
    "15202": "Status.TYPE",
    "15203": "Status.TYPE",
    "15205": "Status.TYPE",
    "15206": "Status.TYPE",
    "15209": "Status.TYPE",
    "15210": "Status.TYPE",
    "15211": "Status.TYPE",
    "15212": "Status.TYPE",
    "15216": "Status.TYPE",
    "15217": "Status.TYPE",
    "15218": "Status.TYPE",
    "15219": "Status.TYPE",
    "15220": "Status.TYPE",
    "15221": "Status.TYPE",
    "15223": "Status.TYPE",
    "15224": "Status.TYPE",
    "15227": "Status.TYPE",
    "15229": "Status.TYPE",
    "15232": "Status.TYPE",
    "15234": "Status.TYPE",
    "15235": "Status.TYPE",
    "15236": "Status.TYPE",
    "15237": "Status.TYPE",
    "15238": "Status.TYPE",
    "15239": "Status.TYPE",
    "15241": "Status.TYPE",
    "15275": "Status.TYPE"
  },
  "Addr_type": {
    "": "Status.MISSING",
    "Address": "Status.TYPE",
    "StreetAddress": "Status.TYPE"
  },
  "Address": {
    "": "Status.MISSING",
    "100 Settlers Ridge Center Dr.": "Status.TYPE",
    "100 Wal Mart Drive": "Status.TYPE",
    "1017 4th Avenue": "Status.TYPE",
    "1029 West View Park Drive": "Status.TYPE",
    "1117 Mill Town Road": "Status.TYPE",
    "1119 Brownsville Road": "Status.TYPE",
    "1130 Highwood St.": "Status.TYPE",
    "1130 Perry Highway": "Status.TYPE",
    "125 Virginia Avenue": "Status.TYPE",
    "132 Ben Avon Heights Road": "Status.TYPE",
    "1356 Hoffman Boulevard": "Status.TYPE",
    "155 Towne Centre Drive": "Status.TYPE",
    "1616 Broadway Ave.": "Status.TYPE",
    "1620 Babcock Blvd.": "Status.TYPE",
    "1671 Butler Plank Road": "Status.TYPE",
    "1701 Lincoln Highway": "Status.TYPE",
    "1705 S. Braddock Avenue": "Status.TYPE",
    "1710 Pacific Avenue": "Status.TYPE",
    "1717 Cochran Road": "Status.TYPE",
    "1800 Mckees Rocks Road": "Status.TYPE",
    "184 Rochester Road": "Status.TYPE",
    "1850 Centre Ave.": "Status.TYPE",
    "1886 Homeville Road": "Status.TYPE",
    "1901 Murray Avenue": "Status.TYPE",
    "1916 Murray Avenue": "Status.TYPE",
    "200 Allegheny River Boulevard": "Status.TYPE",
    "2001 Lincoln Way": "Status.TYPE",
    "201 Richland Mall": "Status.TYPE",
    "201 South Hills Village": "Status.TYPE",
    "2010 Village Center Drive": "Status.TYPE",
    "2021 Wharton Street": "Status.TYPE",
    "2100 Washington Pike": "Status.TYPE",
    "2103 Noblestown Road": "Status.TYPE",
    "2116 Brownsville Rd.": "Status.TYPE",
    "2200 Washington Pike": "Status.TYPE",
    "230 Rodi Road": "Status.TYPE",
    "2351 Century Drive": "Status.TYPE",
    "2362 Golden Mile Highway": "Status.TYPE",
    "2381 Mountain View Drive": "Status.TYPE",
    "25 Foster Avenue": "Status.TYPE",
    "250 Summit Park Drive": "Status.TYPE",
    "254 Yost Boulevard": "Status.TYPE",
    "2611 Freeport Road": "Status.TYPE",
    "2661 Freeport Road": "Status.TYPE",
    "2820 Universal Road": "Status.TYPE",
    "3125 Banksville Road": "Status.TYPE",
    "318-320 Cedar Avenue": "Status.TYPE",
    "3239 Washington Pike": "Status.TYPE",
    "3335 William Penn Highway": "Status.TYPE",
    "355 Lincoln Highway": "Status.TYPE",
    "360 East Waterfront Dr.": "Status.TYPE",
    "3621 Brownsville Road": "Status.TYPE",
    "3812 O'Neil Boulevard": "Status.ANOMALOUS",
    "4004 Monroeville Rd.": "Status.TYPE",
    "4010 Monroeville Boulevard": "Status.TYPE",
    "4015 Freeport Road": "Status.TYPE",
    "4110 Brighton Road": "Status.TYPE",
    "420 East Waterfront Drive": "Status.TYPE",
    "4250 Murray Avenue": "Status.TYPE",
    "4313 Walnut Street": "Status.TYPE",
    "4401 Liberty Avenue": "Status.TYPE",
    "450 56th Street": "Status.TYPE",
    "4548 Broadway Boulevard": "Status.TYPE",
    "4647 Buttermilk Hollow Road": "Status.TYPE",
    "4680 Old William Penn Hwy.": "Status.TYPE",
    "4801 McKnight Road": "Status.TYPE",
    "5001 Library Road": "Status.TYPE",
    "5055 Library Road": "Status.TYPE",
    "5260 Grove Road": "Status.TYPE",
    "5550 Centre Avenue": "Status.TYPE",
    "5990 University Boulevard": "Status.TYPE",
    "600 Chauvet Drive": "Status.TYPE",
    "600 Market Place Drive": "Status.TYPE",
    "600 Towne Square Way": "Status.TYPE",
    "6231 Penn Ave.": "Status.TYPE",
    "6320 Shakespeare Street": "Status.TYPE",
    "661 Lincoln Avenue": "Status.TYPE",
    "700 Buelah Road": "Status.TYPE",
    "7000 Oxford Drive": "Status.TYPE",
    "725 Ross Ave.": "Status.TYPE",
    "745 West Ingomar Road": "Status.TYPE",
    "79 Soldiers Lane": "Status.TYPE",
    "799 Castle Shannon Blvd.": "Status.TYPE",
    "800 Mckeesport Road": "Status.TYPE",
    "8050 McKnight Road": "Status.TYPE",
    "815 Fifth Avenue": "Status.TYPE",
    "825 Beaver Grade Road": "Status.TYPE",
    "9 Duquesne Plaza": "Status.TYPE",
    "9001 Frankstown Road": "Status.TYPE",
    "908 Little Deer Creek Valley Rd.": "Status.TYPE",
    "910 Freeport Road": "Status.TYPE",
    "917 Butler Street": "Status.TYPE",
    "9805 McKnight Road": "Status.TYPE",
    "9901 Mountain View Drive": "Status.TYPE",
    "Crafton-Ingram Shopping Center": "Status.TYPE",
    "Parkway Center Mall": "Status.TYPE",
    "Quaker Village Shopping Center": "Status.TYPE"
  },
  "Loc_name": {
    "": "Status.MISSING",
    "DW_Addressing_": "Status.TYPE",
    "TANA_Streets": "Status.TYPE"
  },
  "Match_addr": {
    "": "Status.MISSING",
    "100 SETTLERS RIDGE CENTER DR, ROBINSON, PA, 15205": "Status.TYPE",
    "100 WALMART DR, NORTH VERSAILLES, PA, 15137": "Status.TYPE",
    "1017 4TH AVE, CORAOPOLIS, PA, 15108": "Status.TYPE",
    "1029 WEST VIEW PARK DR, WEST VIEW, PA, 15229": "Status.TYPE",
    "1117 MILLTOWN RD, PENN HILLS, PA, 15147": "Status.TYPE",
    "1119 BROWNSVILLE RD, PITTSBURGH, PA, 15210": "Status.TYPE",
    "1130 HIGHWOOD ST, PITTSBURGH, PA, 15212": "Status.TYPE",
    "1130 PERRY HWY, ROSS, PA, 15237": "Status.TYPE",
    "125 VIRGINIA AVE, PITTSBURGH, PA, 15211": "Status.TYPE",
    "132 BEN AVON HEIGHTS RD, OHIO, PA, 15237": "Status.TYPE",
    "1356 HOFFMAN BLVD, WEST MIFFLIN, PA, 15122": "Status.TYPE",
    "155 TOWNE CENTRE DR, PINE, PA, 15090": "Status.TYPE",
    "1616 BROADWAY AVE, PITTSBURGH, PA, 15216": "Status.TYPE",
    "1620 BABCOCK BLVD, SHALER, PA, 15209": "Status.TYPE",
    "1671 BUTLER PLANK RD, SHALER, PA, 15116": "Status.TYPE",
    "1701 LINCOLN HWY, NORTH VERSAILLES, PA, 15137": "Status.TYPE",
    "1705 S BRADDOCK AVE, EDGEWOOD, PA, 15218": "Status.TYPE",
    "1710 PACIFIC AVE, HARRISON, PA, 15065": "Status.TYPE",
    "1717 COCHRAN RD, MT LEBANON, PA, 15220": "Status.TYPE",
    "1800 MCKEES ROCKS RD, KENNEDY, PA, 15136": "Status.TYPE",
    "184 ROCHESTER RD, ROSS, PA, 15229": "Status.TYPE",
    "1850 CENTRE AVE, PITTSBURGH, PA, 15219": "Status.TYPE",
    "1886 HOMEVILLE RD, WEST MIFFLIN, PA, 15122": "Status.TYPE",
    "1901 MURRAY AVE, PITTSBURGH, PA, 15217": "Status.TYPE",
    "1916 MURRAY AVE, PITTSBURGH, PA, 15217": "Status.TYPE",
    "200 ALLEGHENY RIVER BLVD, VERONA, PA, 15147": "Status.TYPE",
    "2001 LINCOLN WAY, WHITE OAK, PA, 15131": "Status.TYPE",
    "201 SOUTH HILLS VLG, BETHEL PARK, PA, 15241": "Status.TYPE",
    "2010 VILLAGE CENTER DR, FRAZER, PA, 15084": "Status.TYPE",
    "2021 WHARTON ST, PITTSBURGH, PA, 15203": "Status.TYPE",
    "2100 WASHINGTON PIKE, SCOTT, PA, 15106": "Status.TYPE",
    "2103 NOBLESTOWN RD, PITTSBURGH, PA, 15205": "Status.TYPE",
    "2116 BROWNSVILLE RD, PITTSBURGH, PA, 15210": "Status.TYPE",
    "2200 WASHINGTON PIKE, SCOTT, PA, 15106": "Status.TYPE",
    "230 RODI RD, PENN HILLS, PA, 15235": "Status.TYPE",
    "2351 CENTURY DR, WEST MIFFLIN, PA, 15122": "Status.TYPE",
    "2362 GOLDEN MILE HWY, PLUM, PA, 15239": "Status.TYPE",
    "2381 MOUNTAIN VIEW DR, WEST MIFFLIN, PA, 15122": "Status.TYPE",
    "25 FOSTER AVE, CRAFTON, PA, 15205": "Status.TYPE",
    "250 SUMMIT PARK DR, NORTH FAYETTE, PA, 15275": "Status.TYPE",
    "254 YOST BLVD, BRADDOCK HILLS, PA, 15221": "Status.TYPE",
    "2611 FREEPORT RD, HARMAR, PA, 15238": "Status.TYPE",
    "2661 FREEPORT RD, HARMAR, PA, 15238": "Status.TYPE",
    "3125 BANKSVILLE RD, PITTSBURGH, PA, 15216": "Status.TYPE",
    "318 CEDAR AVE, PITTSBURGH, PA, 15212": "Status.TYPE",
    "3239 WASHINGTON PIKE, SOUTH FAYETTE, PA, 15017": "Status.TYPE",
    "3335 WILLIAM PENN HWY, WILKINS, PA, 15235": "Status.TYPE",
    "355 LINCOLN HWY, NORTH VERSAILLES, PA, 15137": "Status.TYPE",
    "360 E WATERFRONT DR, HOMESTEAD, PA, 15120": "Status.TYPE",
    "3621 BROWNSVILLE RD, BRENTWOOD, PA, 15227": "Status.TYPE",
    "3812 ONEIL BLVD, MCKEESPORT, PA, 15132": "Status.TYPE",
    "4004 MONROEVILLE BLVD, MONROEVILLE, PA, 15146": "Status.TYPE",
    "4010 MONROEVILLE BLVD, MONROEVILLE, PA, 15146": "Status.TYPE",
    "4015 FREEPORT RD, HARRISON, PA, 15065": "Status.TYPE",
    "4110 BRIGHTON RD, PITTSBURGH, PA, 15212": "Status.TYPE",
    "420 E WATERFRONT DR, HOMESTEAD, PA, 15120": "Status.TYPE",
    "4250 MURRAY AVE, PITTSBURGH, PA, 15217": "Status.TYPE",
    "4313 WALNUT ST, VERSAILLES, PA, 15132": "Status.TYPE",
    "4401 LIBERTY AVE, PITTSBURGH, PA, 15224": "Status.TYPE",
    "450 56TH ST, PITTSBURGH, PA, 15201": "Status.TYPE",
    "4548 BROADWAY BLVD, MONROEVILLE, PA, 15146": "Status.TYPE",
    "4647 BUTTERMILK HOLLOW RD, WEST MIFFLIN, PA, 15122": "Status.TYPE",
    "4680 OLD WILLIAM PENN HWY, MONROEVILLE, PA, 15146": "Status.TYPE",
    "4801 MCKNIGHT RD, ROSS, PA, 15237": "Status.TYPE",
    "5001 LIBRARY RD, BETHEL PARK, PA, 15102": "Status.TYPE",
    "5055 LIBRARY RD, BETHEL PARK, PA, 15102": "Status.TYPE",
    "5260 GROVE RD, WHITEHALL, PA, 15236": "Status.TYPE",
    "5550 CENTRE AVE, PITTSBURGH, PA, 15232": "Status.TYPE",
    "5990 UNIVERSITY BLVD, MOON, PA, 15108": "Status.TYPE",
    "600 CHAUVET DR, NORTH FAYETTE, PA, 15275": "Status.TYPE",
    "600 MARKETPLACE DR, NORTH FAYETTE, PA, 15071": "Status.TYPE",
    "600 TOWNE SQUARE WAY, BRENTWOOD, PA, 15227": "Status.TYPE",
    "6231 PENN AVE, PITTSBURGH, PA, 15206": "Status.TYPE",
    "6320 SHAKESPEARE ST, PITTSBURGH, PA, 15206": "Status.TYPE",
    "661 LINCOLN AVE, BELLEVUE, PA, 15202": "Status.TYPE",
    "700 Beulah Rd, Wilkins, PA, 15145": "Status.TYPE",
    "7000 OXFORD DR, BETHEL PARK, PA, 15102": "Status.TYPE",
    "725 ROSS AVE, WILKINSBURG, PA, 15221": "Status.TYPE",
    "79 SOLDIERS LN, MOON, PA, 15108": "Status.TYPE",
    "799 CASTLE SHANNON BLVD, MT LEBANON, PA, 15234": "Status.TYPE",
    "800 MCKEESPORT RD, ELIZABETH TOWNSHIP, PA, 15037": "Status.TYPE",
    "8050 MCKNIGHT RD, ROSS, PA, 15237": "Status.TYPE",
    "815 5TH AVE, MCKEESPORT, PA, 15132": "Status.TYPE",
    "825 BEAVER GRADE RD, MOON, PA, 15108": "Status.TYPE",
    "9 DUQUESNE PLZ, DUQUESNE, PA, 15110": "Status.TYPE",
    "9001 FRANKSTOWN RD, PENN HILLS, PA, 15235": "Status.TYPE",
    "908 LITTLE DEER CREEK VALLEY RD, WEST DEER, PA, 15076": "Status.TYPE",
    "910 FREEPORT RD, PITTSBURGH, PA, 15238": "Status.TYPE",
    "917 BUTLER ST, SHALER, PA, 15223": "Status.TYPE",
    "9805 MCKNIGHT RD, MCCANDLESS, PA, 15237": "Status.TYPE",
    "9901 MOUNTAIN VIEW DR, WEST MIFFLIN, PA, 15122": "Status.TYPE"
  },
  "Match_type": {
    "A": "Status.TYPE"
  },
  "Municipa_1": {
    "": "Status.MISSING",
    "Bethel Park": "Status.TYPE",
    "Bridgeville": "Status.TYPE",
    "Carnegie": "Status.TYPE",
    "Coraopolis": "Status.TYPE",
    "Duquesne": "Status.TYPE",
    "East Liberty": "Status.TYPE",
    "Elizabeth": "Status.TYPE",
    "Gibsonia": "Status.TYPE",
    "Harmarville": "Status.TYPE",
    "Homestead": "Status.TYPE",
    "Ingomar": "Status.TYPE",
    "Leetsdale": "Status.TYPE",
    "McKeesport": "Status.TYPE",
    "Mckees Rocks": "Status.TYPE",
    "Mckeesport": "Status.TYPE",
    "Monroeville": "Status.TYPE",
    "Moon Twp": "Status.TYPE",
    "Moon Twp.": "Status.TYPE",
    "Natrona Heights": "Status.TYPE",
    "North Versailles": "Status.TYPE",
    "Oakdale": "Status.TYPE",
    "Pittsburgh": "Status.TYPE",
    "Robinson": "Status.TYPE",
    "Russelton": "Status.TYPE",
    "Shaler": "Status.TYPE",
    "Tarentum": "Status.TYPE",
    "Turtle Creek": "Status.TYPE",
    "Verona": "Status.TYPE",
    "West Mifflin": "Status.TYPE",
    "Wexford": "Status.TYPE",
    "White Oak": "Status.TYPE"
  },
  "Municipali": {
    "": "Status.MISSING",
    "Beechview": "Status.TYPE",
    "Bellevue": "Status.TYPE",
    "Bethel Park": "Status.TYPE",
    "Bloomfield": "Status.TYPE",
    "Braddock Hills": "Status.TYPE",
    "Brentwood": "Status.TYPE",
    "Buttermilk Hollow": "Status.TYPE",
    "Camp Horne": "Status.TYPE",
    "Carnegie": "Status.TYPE",
    "Caste Village": "Status.TYPE",
    "Castle Shannon": "Status.TYPE",
    "Centre Ave": "Status.TYPE",
    "Century III": "Status.TYPE",
    "Century Square": "Status.TYPE",
    "Coraopolis": "Status.TYPE",
    "Crafton": "Status.TYPE",
    "Duquesne": "Status.TYPE",
    "Duquesne Village": "Status.TYPE",
    "East Liberty": "Status.TYPE",
    "Edgewood": "Status.TYPE",
    "Elizabeth": "Status.TYPE",
    "Fox Chapel": "Status.TYPE",
    "Frankstown": "Status.TYPE",
    "Gibsonia": "Status.TYPE",
    "Glenshaw": "Status.TYPE",
    "Greenfield": "Status.TYPE",
    "Greentree": "Status.TYPE",
    "Harmar": "Status.TYPE",
    "Harmarville": "Status.TYPE",
    "Haymaker Village": "Status.TYPE",
    "Heidelberg": "Status.TYPE",
    "Holiday Park": "Status.TYPE",
    "Homestead": "Status.TYPE",
    "Imperial": "Status.TYPE",
    "Ingomar": "Status.TYPE",
    "Kennedy Twp.": "Status.TYPE",
    "Lawrenceville": "Status.TYPE",
    "Leetsdale": "Status.TYPE",
    "McKeesport": "Status.TYPE",
    "Mckeesport": "Status.TYPE",
    "Monroeville": "Status.TYPE",
    "Monroeville Blvd.": "Status.TYPE",
    "Moon Twp.": "Status.TYPE",
    "Mt. Oliver": "Status.TYPE",
    "Mt. Washington": "Status.TYPE",
    "Natrona Heights": "Status.TYPE",
    "Noblestown": "Status.TYPE",
    "North Fayette": "Status.TYPE",
    "North Hills": "Status.TYPE",
    "North Shore": "Status.TYPE",
    "North Side": "Status.TYPE",
    "North Versailles": "Status.TYPE",
    "Northside": "Status.TYPE",
    "Olympia": "Status.TYPE",
    "Penn Hills": "Status.TYPE",
    "Pine Creek": "Status.TYPE",
    "Pine Township": "Status.TYPE",
    "Pines Plaza": "Status.TYPE",
    "Robinson": "Status.TYPE",
    "Robinson Twp.": "Status.TYPE",
    "Rochester Road": "Status.TYPE",
    "Russelton": "Status.TYPE",
    "Shadyside": "Status.TYPE",
    "Shaler": "Status.TYPE",
    "South Fayette": "Status.TYPE",
    "South Hills": "Status.TYPE",
    "South Hills Village": "Status.TYPE",
    "South Side": "Status.TYPE",
    "Squirrel Hill": "Status.TYPE",
    "Tarentum": "Status.TYPE",
    "Turtle Creek": "Status.TYPE",
    "Verona": "Status.TYPE",
    "Village Square": "Status.TYPE",
    "Virginia Manor": "Status.TYPE",
    "West Mifflin": "Status.TYPE",
    "West View": "Status.TYPE",
    "White Oak": "Status.TYPE",
    "Wilkins Twp.": "Status.TYPE",
    "Wilkinsburg": "Status.TYPE"
  },
  "Name": {
    "": "Status.MISSING",
    "(formerly CE Kelly Commissary)": "Status.ANOMALOUS",
    "Community Market": "Status.TYPE",
    "Coraopolis Cash Market": "Status.TYPE",
    "Giant Eagle": "Status.TYPE",
    "Giant Eagle Express": "Status.TYPE",
    "Gorkhali Store": "Status.TYPE",
    "Himalaya Grocery": "Status.TYPE",
    "Kuhn's": "Status.ANOMALOUS",
    "Las Palmas IGA": "Status.TYPE",
    "Murray Avenue Kosher": "Status.TYPE",
    "Pittsburgh Commissary": "Status.TYPE",
    "Sav-A-Lot": "Status.TYPE",
    "Save A Lot": "Status.TYPE",
    "Shop N Save": "Status.TYPE",
    "Shop N Save Village": "Status.TYPE",
    "Shur Save": "Status.TYPE",
    "Target": "Status.TYPE",
    "Wal Mart": "Status.TYPE"
  },
  "OBJECTID": {
    "1": "Status.TYPE",
    "10": "Status.TYPE",
    "11": "Status.TYPE",
    "12": "Status.TYPE",
    "13": "Status.TYPE",
    "14": "Status.TYPE",
    "15": "Status.TYPE",
    "16": "Status.TYPE",
    "17": "Status.TYPE",
    "18": "Status.TYPE",
    "19": "Status.TYPE",
    "2": "Status.TYPE",
    "20": "Status.TYPE",
    "21": "Status.TYPE",
    "22": "Status.TYPE",
    "23": "Status.TYPE",
    "24": "Status.TYPE",
    "25": "Status.TYPE",
    "26": "Status.TYPE",
    "27": "Status.TYPE",
    "28": "Status.TYPE",
    "29": "Status.TYPE",
    "3": "Status.TYPE",
    "30": "Status.TYPE",
    "31": "Status.TYPE",
    "32": "Status.TYPE",
    "33": "Status.TYPE",
    "34": "Status.TYPE",
    "35": "Status.TYPE",
    "36": "Status.TYPE",
    "37": "Status.TYPE",
    "38": "Status.TYPE",
    "39": "Status.TYPE",
    "4": "Status.TYPE",
    "40": "Status.TYPE",
    "41": "Status.TYPE",
    "42": "Status.TYPE",
    "43": "Status.TYPE",
    "44": "Status.TYPE",
    "45": "Status.TYPE",
    "46": "Status.TYPE",
    "47": "Status.TYPE",
    "48": "Status.TYPE",
    "49": "Status.TYPE",
    "5": "Status.TYPE",
    "50": "Status.TYPE",
    "51": "Status.TYPE",
    "52": "Status.TYPE",
    "53": "Status.TYPE",
    "54": "Status.TYPE",
    "55": "Status.TYPE",
    "56": "Status.TYPE",
    "57": "Status.TYPE",
    "58": "Status.TYPE",
    "59": "Status.TYPE",
    "6": "Status.TYPE",
    "60": "Status.TYPE",
    "61": "Status.TYPE",
    "62": "Status.TYPE",
    "63": "Status.TYPE",
    "64": "Status.TYPE",
    "65": "Status.TYPE",
    "66": "Status.TYPE",
    "67": "Status.TYPE",
    "68": "Status.TYPE",
    "69": "Status.TYPE",
    "7": "Status.TYPE",
    "70": "Status.TYPE",
    "71": "Status.TYPE",
    "72": "Status.TYPE",
    "73": "Status.TYPE",
    "74": "Status.TYPE",
    "75": "Status.TYPE",
    "76": "Status.TYPE",
    "77": "Status.TYPE",
    "78": "Status.TYPE",
    "79": "Status.TYPE",
    "8": "Status.TYPE",
    "80": "Status.TYPE",
    "81": "Status.TYPE",
    "82": "Status.TYPE",
    "83": "Status.TYPE",
    "84": "Status.TYPE",
    "85": "Status.TYPE",
    "86": "Status.TYPE",
    "87": "Status.TYPE",
    "88": "Status.TYPE",
    "89": "Status.TYPE",
    "9": "Status.TYPE",
    "90": "Status.TYPE",
    "91": "Status.TYPE",
    "92": "Status.TYPE",
    "93": "Status.TYPE",
    "94": "Status.TYPE",
    "95": "Status.TYPE",
    "96": "Status.TYPE",
    "97": "Status.TYPE",
    "98": "Status.TYPE",
    "99": "Status.TYPE"
  },
  "Ref_ID": {
    "-1": "Status.TYPE",
    "1093082": "Status.TYPE",
    "16296": "Status.TYPE",
    "2654758": "Status.TYPE",
    "2663456": "Status.TYPE",
    "2665562": "Status.TYPE",
    "2691661": "Status.TYPE",
    "2693039": "Status.TYPE",
    "2694562": "Status.TYPE",
    "2701552": "Status.TYPE",
    "2712572": "Status.TYPE",
    "2713949": "Status.TYPE",
    "2717654": "Status.TYPE",
    "2739635": "Status.TYPE",
    "2745608": "Status.TYPE",
    "2752932": "Status.TYPE",
    "2760795": "Status.TYPE",
    "2770095": "Status.TYPE",
    "2773357": "Status.TYPE",
    "2774136": "Status.TYPE",
    "2776154": "Status.TYPE",
    "2782779": "Status.TYPE",
    "2791443": "Status.TYPE",
    "2796169": "Status.TYPE",
    "2804345": "Status.TYPE",
    "2805222": "Status.TYPE",
    "2805720": "Status.TYPE",
    "2822613": "Status.TYPE",
    "2827562": "Status.TYPE",
    "2835432": "Status.TYPE",
    "28396": "Status.TYPE",
    "2840342": "Status.TYPE",
    "2844118": "Status.TYPE",
    "2845101": "Status.TYPE",
    "2869549": "Status.TYPE",
    "2890876": "Status.TYPE",
    "2896675": "Status.TYPE",
    "2901656": "Status.TYPE",
    "2914092": "Status.TYPE",
    "2929702": "Status.TYPE",
    "2952691": "Status.TYPE",
    "2954381": "Status.TYPE",
    "2976969": "Status.TYPE",
    "2977355": "Status.TYPE",
    "2984266": "Status.TYPE",
    "2994319": "Status.TYPE",
    "3007247": "Status.TYPE",
    "3015114": "Status.TYPE",
    "3029807": "Status.TYPE",
    "3040453": "Status.TYPE",
    "3054998": "Status.TYPE",
    "3083227": "Status.TYPE",
    "3099409": "Status.TYPE",
    "3119721": "Status.TYPE",
    "3123920": "Status.TYPE",
    "3136218": "Status.TYPE",
    "3138681": "Status.TYPE",
    "3141762": "Status.TYPE",
    "3148048": "Status.TYPE",
    "3148465": "Status.TYPE",
    "3150892": "Status.TYPE",
    "3152683": "Status.TYPE",
    "3153451": "Status.TYPE",
    "3155863": "Status.TYPE",
    "3158672": "Status.TYPE",
    "3158901": "Status.TYPE",
    "3159029": "Status.TYPE",
    "3161264": "Status.TYPE",
    "3162107": "Status.TYPE",
    "3162338": "Status.TYPE",
    "3166464": "Status.TYPE",
    "3168084": "Status.TYPE",
    "3168120": "Status.TYPE",
    "3168164": "Status.TYPE",
    "3168180": "Status.TYPE",
    "3168198": "Status.TYPE",
    "3168226": "Status.TYPE",
    "3168229": "Status.TYPE",
    "3168245": "Status.TYPE",
    "3168274": "Status.TYPE",
    "3174633": "Status.TYPE",
    "3175606": "Status.TYPE",
    "38534": "Status.TYPE",
    "48814": "Status.TYPE",
    "51225": "Status.TYPE",
    "78112": "Status.TYPE",
    "80632": "Status.TYPE",
    "84011": "Status.TYPE",
    "85222": "Status.TYPE",
    "91386": "Status.TYPE",
    "91410": "Status.TYPE",
    "9200": "Status.TYPE"
  },
  "Score": {
    "0": "Status.TYPE",
    "100": "Status.TYPE",
    "89.04": "Status.TYPE",
    "92.77": "Status.TYPE",
    "93.05": "Status.TYPE",
    "93.13": "Status.TYPE",
    "93.35": "Status.TYPE",
    "93.4": "Status.TYPE",
    "93.7": "Status.TYPE",
    "93.91": "Status.TYPE",
    "94.05": "Status.TYPE",
    "94.12": "Status.TYPE",
    "94.21": "Status.TYPE",
    "94.28": "Status.TYPE",
    "94.29": "Status.TYPE",
    "94.34": "Status.TYPE",
    "94.44": "Status.TYPE",
    "94.82": "Status.TYPE",
    "94.92": "Status.TYPE",
    "95.01": "Status.TYPE",
    "95.08": "Status.TYPE",
    "95.1": "Status.TYPE",
    "95.19": "Status.TYPE",
    "95.21": "Status.TYPE",
    "95.23": "Status.TYPE",
    "95.31": "Status.TYPE",
    "95.42": "Status.TYPE",
    "95.51": "Status.TYPE",
    "95.75": "Status.TYPE",
    "95.86": "Status.TYPE",
    "95.96": "Status.TYPE",
    "96.08": "Status.TYPE",
    "96.14": "Status.TYPE",
    "96.15": "Status.TYPE",
    "96.21": "Status.TYPE",
    "96.27": "Status.TYPE",
    "96.34": "Status.TYPE",
    "96.38": "Status.TYPE",
    "96.6": "Status.TYPE",
    "96.97": "Status.TYPE",
    "97.1": "Status.TYPE",
    "97.12": "Status.TYPE",
    "97.38": "Status.TYPE",
    "98.03": "Status.TYPE",
    "98.1": "Status.TYPE",
    "98.17": "Status.TYPE",
    "98.58": "Status.TYPE",
    "98.91": "Status.TYPE"
  },
  "Side": {
    "": "Status.MISSING",
    "L": "Status.TYPE",
    "R": "Status.TYPE"
  },
  "Status": {
    "M": "Status.TYPE",
    "T": "Status.TYPE",
    "U": "Status.TYPE"
  },
  "User_fld": {
    "": "Status.MISSING",
    "0": "Status.TYPE"
  },
  "X": {
    "-79.835819": "Status.TYPE",
    "0": "Status.TYPE",
    "1275172.240046": "Status.TYPE",
    "1281753.608165": "Status.TYPE",
    "1281802.53465": "Status.TYPE",
    "1282140.432723": "Status.TYPE",
    "1291264.000956": "Status.TYPE",
    "1293324.401022": "Status.TYPE",
    "1297767.802053": "Status.TYPE",
    "1300194.611771": "Status.TYPE",
    "1308412.318645": "Status.TYPE",
    "1315105.967605": "Status.TYPE",
    "1315390.701589": "Status.TYPE",
    "1315624.701929": "Status.TYPE",
    "1322981.600479": "Status.TYPE",
    "1323462.800155": "Status.TYPE",
    "1323833.900492": "Status.TYPE",
    "1326062.800877": "Status.TYPE",
    "1326524.108889": "Status.TYPE",
    "1327733.601388": "Status.TYPE",
    "1328460.40094": "Status.TYPE",
    "1328966.229578": "Status.TYPE",
    "1330462.023347": "Status.TYPE",
    "1330662.401494": "Status.TYPE",
    "1332603.835491": "Status.TYPE",
    "1333408.301543": "Status.TYPE",
    "1333461.001287": "Status.TYPE",
    "1333658.601269": "Status.TYPE",
    "1334500.701849": "Status.TYPE",
    "1334758.100618": "Status.TYPE",
    "1335055.900693": "Status.TYPE",
    "1335278.466459": "Status.TYPE",
    "1337809.706026": "Status.TYPE",
    "1338000.198162": "Status.TYPE",
    "1340090.199729": "Status.TYPE",
    "1340889.999357": "Status.TYPE",
    "1340918.198464": "Status.TYPE",
    "1342130.474868": "Status.TYPE",
    "1344482.488351": "Status.TYPE",
    "1345429.998254": "Status.TYPE",
    "1346223.897289": "Status.TYPE",
    "1347388.433779": "Status.TYPE",
    "1348565.298499": "Status.TYPE",
    "1348705.59971": "Status.TYPE",
    "1348718.700173": "Status.TYPE",
    "1352944.764597": "Status.TYPE",
    "1355362.699365": "Status.TYPE",
    "1355684.875618": "Status.TYPE",
    "1356258.029024": "Status.TYPE",
    "1356349.818982": "Status.TYPE",
    "1356883.798962": "Status.TYPE",
    "1357079.744486": "Status.TYPE",
    "1360703.897992": "Status.TYPE",
    "1361769.932385": "Status.TYPE",
    "1363670.798744": "Status.TYPE",
    "1363800.199325": "Status.TYPE",
    "1364206.897998": "Status.TYPE",
    "1364508.598192": "Status.TYPE",
    "1367053.699336": "Status.TYPE",
    "1367495.900102": "Status.TYPE",
    "1367595.499823": "Status.TYPE",
    "1372311.599919": "Status.TYPE",
    "1373035.349876": "Status.TYPE",
    "1374538.282139": "Status.TYPE",
    "1375475.548403": "Status.TYPE",
    "1377445.347439": "Status.TYPE",
    "1378368.798294": "Status.TYPE",
    "1379981.99985": "Status.TYPE",
    "1381587.298048": "Status.TYPE",
    "1382335.999685": "Status.TYPE",
    "1384345.457582": "Status.TYPE",
    "1386079.899714": "Status.TYPE",
    "1387552.898593": "Status.TYPE",
    "1387984.744104": "Status.TYPE",
    "1388350.798574": "Status.TYPE",
    "1388461.61286": "Status.TYPE",
    "1390069.899164": "Status.TYPE",
    "1390728.790335": "Status.TYPE",
    "1391113.800031": "Status.TYPE",
    "1391548.193682": "Status.TYPE",
    "1392977.498381": "Status.TYPE",
    "1395939.598456": "Status.TYPE",
    "1397842.298009": "Status.TYPE",
    "1401019.429449": "Status.TYPE",
    "1401328.890928": "Status.TYPE",
    "1405484.299473": "Status.TYPE",
    "1405497.397644": "Status.TYPE",
    "1406649.997749": "Status.TYPE",
    "1413705.198396": "Status.TYPE",
    "1420542.434568": "Status.TYPE",
    "1424646.172248": "Status.TYPE",
    "1424696.030456": "Status.TYPE"
  },
  "Y": {
    "0": "Status.TYPE",
    "351967.379397": "Status.TYPE",
    "366987.601749": "Status.TYPE",
    "371738.000905": "Status.TYPE",
    "374227.100263": "Status.TYPE",
    "374326.901636": "Status.TYPE",
    "375202.329683": "Status.TYPE",
    "375281.102029": "Status.TYPE",
    "375952.754522": "Status.TYPE",
    "376074.92328": "Status.TYPE",
    "376201.342503": "Status.TYPE",
    "377087.655114": "Status.TYPE",
    "377668.702019": "Status.TYPE",
    "378050.801519": "Status.TYPE",
    "381056.501822": "Status.TYPE",
    "381699.700852": "Status.TYPE",
    "382936.538514": "Status.TYPE",
    "383925.260241": "Status.TYPE",
    "384935.2791": "Status.TYPE",
    "385541.601142": "Status.TYPE",
    "386251.812579": "Status.TYPE",
    "386655.30087": "Status.TYPE",
    "389686.271753": "Status.TYPE",
    "389823.300713": "Status.TYPE",
    "390581.344765": "Status.TYPE",
    "391036.002083": "Status.TYPE",
    "391950.401543": "Status.TYPE",
    "392476.138668": "Status.TYPE",
    "393802.90137": "Status.TYPE",
    "394261.600881": "Status.TYPE",
    "397904.624029": "Status.TYPE",
    "398490.328669": "Status.TYPE",
    "399737.901324": "Status.TYPE",
    "399928.601621": "Status.TYPE",
    "40.427123": "Status.TYPE",
    "400415.10152": "Status.TYPE",
    "400839.100961": "Status.TYPE",
    "404166.519936": "Status.TYPE",
    "405180.520368": "Status.TYPE",
    "406712.501013": "Status.TYPE",
    "407302.702405": "Status.TYPE",
    "407305.401783": "Status.TYPE",
    "407443.001325": "Status.TYPE",
    "407727.801762": "Status.TYPE",
    "408090.801673": "Status.TYPE",
    "408924.701001": "Status.TYPE",
    "409003.80103": "Status.TYPE",
    "409164.801294": "Status.TYPE",
    "411342.544108": "Status.TYPE",
    "411771.697116": "Status.TYPE",
    "411875.398609": "Status.TYPE",
    "412828.072868": "Status.TYPE",
    "412998.424712": "Status.TYPE",
    "414781.29983": "Status.TYPE",
    "415075.49997": "Status.TYPE",
    "415219.25828": "Status.TYPE",
    "416711.297933": "Status.TYPE",
    "417369.597899": "Status.TYPE",
    "417369.769761": "Status.TYPE",
    "417850.499682": "Status.TYPE",
    "418173.199113": "Status.TYPE",
    "418450.898215": "Status.TYPE",
    "419396.679213": "Status.TYPE",
    "421609.333237": "Status.TYPE",
    "421949.798741": "Status.TYPE",
    "426702.599381": "Status.TYPE",
    "428575.498074": "Status.TYPE",
    "429374.197785": "Status.TYPE",
    "431068.460889": "Status.TYPE",
    "431630.800023": "Status.TYPE",
    "432372.698219": "Status.TYPE",
    "432513.799161": "Status.TYPE",
    "435277.236002": "Status.TYPE",
    "436779.066439": "Status.TYPE",
    "439242.755164": "Status.TYPE",
    "440315.69868": "Status.TYPE",
    "440514.50991": "Status.TYPE",
    "440835.299188": "Status.TYPE",
    "441351.299762": "Status.TYPE",
    "442284.299266": "Status.TYPE",
    "442541.924894": "Status.TYPE",
    "445651.89498": "Status.TYPE",
    "445875.198633": "Status.TYPE",
    "446400.413297": "Status.TYPE",
    "450685.598228": "Status.TYPE",
    "451978.155385": "Status.TYPE",
    "454987.000052": "Status.TYPE",
    "464342.199221": "Status.TYPE",
    "471413.098883": "Status.TYPE",
    "475246.110473": "Status.TYPE",
    "481420.601183": "Status.TYPE",
    "483980.961575": "Status.TYPE"
  },
  "ZipCodes": {
    "0": "Status.TYPE",
    "15017": "Status.TYPE",
    "15037": "Status.TYPE",
    "15044": "Status.TYPE",
    "15056": "Status.TYPE",
    "15065": "Status.TYPE",
    "15071": "Status.TYPE",
    "15076": "Status.TYPE",
    "15084": "Status.TYPE",
    "15090": "Status.TYPE",
    "15102": "Status.TYPE",
    "15106": "Status.TYPE",
    "15108": "Status.TYPE",
    "15110": "Status.TYPE",
    "15116": "Status.TYPE",
    "15120": "Status.TYPE",
    "15122": "Status.TYPE",
    "15127": "Status.TYPE",
    "15131": "Status.TYPE",
    "15132": "Status.TYPE",
    "15136": "Status.TYPE",
    "15137": "Status.TYPE",
    "15145": "Status.TYPE",
    "15146": "Status.TYPE",
    "15147": "Status.TYPE",
    "15201": "Status.TYPE",
    "15202": "Status.TYPE",
    "15203": "Status.TYPE",
    "15205": "Status.TYPE",
    "15206": "Status.TYPE",
    "15209": "Status.TYPE",
    "15210": "Status.TYPE",
    "15211": "Status.TYPE",
    "15212": "Status.TYPE",
    "15216": "Status.TYPE",
    "15217": "Status.TYPE",
    "15218": "Status.TYPE",
    "15219": "Status.TYPE",
    "15220": "Status.TYPE",
    "15221": "Status.TYPE",
    "15223": "Status.TYPE",
    "15224": "Status.TYPE",
    "15227": "Status.TYPE",
    "15229": "Status.TYPE",
    "15232": "Status.TYPE",
    "15234": "Status.TYPE",
    "15235": "Status.TYPE",
    "15236": "Status.TYPE",
    "15237": "Status.TYPE",
    "15238": "Status.TYPE",
    "15239": "Status.TYPE",
    "15241": "Status.TYPE",
    "15275": "Status.TYPE"
  }
}