{
  "college_career_rate_2013": {
    "100%": "Status.TYPE",
    "15%": "Status.TYPE",
    "19%": "Status.TYPE",
    "22%": "Status.TYPE",
    "23%": "Status.TYPE",
    "24%": "Status.TYPE",
    "25%": "Status.TYPE",
    "27%": "Status.TYPE",
    "28%": "Status.TYPE",
    "29%": "Status.TYPE",
    "30%": "Status.TYPE",
    "31%": "Status.TYPE",
    "32%": "Status.TYPE",
    "33%": "Status.TYPE",
    "34%": "Status.TYPE",
    "35%": "Status.TYPE",
    "36%": "Status.TYPE",
    "37%": "Status.TYPE",
    "38%": "Status.TYPE",
    "39%": "Status.TYPE",
    "40%": "Status.TYPE",
    "41%": "Status.TYPE",
    "42%": "Status.TYPE",
    "43%": "Status.TYPE",
    "44%": "Status.TYPE",
    "45%": "Status.TYPE",
    "46%": "Status.TYPE",
    "47%": "Status.TYPE",
    "48%": "Status.TYPE",
    "49%": "Status.TYPE",
    "50%": "Status.TYPE",
    "51%": "Status.TYPE",
    "52%": "Status.TYPE",
    "53%": "Status.TYPE",
    "54%": "Status.TYPE",
    "55%": "Status.TYPE",
    "56%": "Status.TYPE",
    "57%": "Status.TYPE",
    "58%": "Status.TYPE",
    "59%": "Status.TYPE",
    "6%": "Status.TYPE",
    "60%": "Status.TYPE",
    "61%": "Status.TYPE",
    "62%": "Status.TYPE",
    "63%": "Status.TYPE",
    "64%": "Status.TYPE",
    "65%": "Status.TYPE",
    "66%": "Status.TYPE",
    "67%": "Status.TYPE",
    "68%": "Status.TYPE",
    "69%": "Status.TYPE",
    "70%": "Status.TYPE",
    "71%": "Status.TYPE",
    "73%": "Status.TYPE",
    "74%": "Status.TYPE",
    "75%": "Status.TYPE",
    "76%": "Status.TYPE",
    "77%": "Status.TYPE",
    "78%": "Status.TYPE",
    "79%": "Status.TYPE",
    "80%": "Status.TYPE",
    "81%": "Status.TYPE",
    "82%": "Status.TYPE",
    "83%": "Status.TYPE",
    "84%": "Status.TYPE",
    "85%": "Status.TYPE",
    "86%": "Status.TYPE",
    "87%": "Status.TYPE",
    "88%": "Status.TYPE",
    "89%": "Status.TYPE",
    "90%": "Status.TYPE",
    "91%": "Status.TYPE",
    "92%": "Status.TYPE",
    "93%": "Status.TYPE",
    "94%": "Status.TYPE",
    "95%": "Status.TYPE",
    "96%": "Status.TYPE",
    "97%": "Status.TYPE",
    "98%": "Status.TYPE",
    "99%": "Status.TYPE",
    "N/A": "Status.MISSING"
  },
  "college_career_rate_2014": {
    "10%": "Status.TYPE",
    "100%": "Status.TYPE",
    "17%": "Status.TYPE",
    "18%": "Status.TYPE",
    "19%": "Status.TYPE",
    "20%": "Status.TYPE",
    "21%": "Status.TYPE",
    "22%": "Status.TYPE",
    "23%": "Status.TYPE",
    "24%": "Status.TYPE",
    "25%": "Status.TYPE",
    "26%": "Status.TYPE",
    "27%": "Status.TYPE",
    "28%": "Status.TYPE",
    "29%": "Status.TYPE",
    "30%": "Status.TYPE",
    "31%": "Status.TYPE",
    "32%": "Status.TYPE",
    "33%": "Status.TYPE",
    "34%": "Status.TYPE",
    "35%": "Status.TYPE",
    "36%": "Status.TYPE",
    "37%": "Status.TYPE",
    "38%": "Status.TYPE",
    "39%": "Status.TYPE",
    "40%": "Status.TYPE",
    "41%": "Status.TYPE",
    "42%": "Status.TYPE",
    "43%": "Status.TYPE",
    "44%": "Status.TYPE",
    "45%": "Status.TYPE",
    "46%": "Status.TYPE",
    "47%": "Status.TYPE",
    "48%": "Status.TYPE",
    "49%": "Status.TYPE",
    "50%": "Status.TYPE",
    "51%": "Status.TYPE",
    "52%": "Status.TYPE",
    "53%": "Status.TYPE",
    "54%": "Status.TYPE",
    "55%": "Status.TYPE",
    "56%": "Status.TYPE",
    "57%": "Status.TYPE",
    "58%": "Status.TYPE",
    "59%": "Status.TYPE",
    "60%": "Status.TYPE",
    "61%": "Status.TYPE",
    "62%": "Status.TYPE",
    "63%": "Status.TYPE",
    "64%": "Status.TYPE",
    "65%": "Status.TYPE",
    "66%": "Status.TYPE",
    "67%": "Status.TYPE",
    "68%": "Status.TYPE",
    "69%": "Status.TYPE",
    "70%": "Status.TYPE",
    "71%": "Status.TYPE",
    "72%": "Status.TYPE",
    "73%": "Status.TYPE",
    "74%": "Status.TYPE",
    "76%": "Status.TYPE",
    "77%": "Status.TYPE",
    "78%": "Status.TYPE",
    "79%": "Status.TYPE",
    "80%": "Status.TYPE",
    "81%": "Status.TYPE",
    "82%": "Status.TYPE",
    "83%": "Status.TYPE",
    "84%": "Status.TYPE",
    "85%": "Status.TYPE",
    "86%": "Status.TYPE",
    "88%": "Status.TYPE",
    "89%": "Status.TYPE",
    "90%": "Status.TYPE",
    "91%": "Status.TYPE",
    "93%": "Status.TYPE",
    "95%": "Status.TYPE",
    "96%": "Status.TYPE",
    "97%": "Status.TYPE",
    "98%": "Status.TYPE",
    "99%": "Status.TYPE",
    "N/A": "Status.MISSING"
  },
  "college_career_rate_boro": {
    "41%": "Status.TYPE",
    "50%": "Status.TYPE",
    "53%": "Status.TYPE",
    "56%": "Status.TYPE",
    "60%": "Status.TYPE"
  },
  "dbn": {
    "01M292": "Status.TYPE",
    "01M448": "Status.TYPE",
    "01M450": "Status.TYPE",
    "01M509": "Status.TYPE",
    "01M539": "Status.TYPE",
    "01M696": "Status.TYPE",
    "02M047": "Status.TYPE",
    "02M135": "Status.TYPE",
    "02M139": "Status.TYPE",
    "02M260": "Status.TYPE",
    "02M280": "Status.TYPE",
    "02M282": "Status.TYPE",
    "02M288": "Status.TYPE",
    "02M294": "Status.TYPE",
    "02M296": "Status.TYPE",
    "02M298": "Status.TYPE",
    "02M300": "Status.TYPE",
    "02M303": "Status.TYPE",
    "02M305": "Status.TYPE",
    "02M308": "Status.TYPE",
    "02M316": "Status.TYPE",
    "02M374": "Status.TYPE",
    "02M376": "Status.TYPE",
    "02M392": "Status.TYPE",
    "02M393": "Status.TYPE",
    "02M399": "Status.TYPE",
    "02M400": "Status.TYPE",
    "02M407": "Status.TYPE",
    "02M408": "Status.TYPE",
    "02M411": "Status.TYPE",
    "02M412": "Status.TYPE",
    "02M413": "Status.TYPE",
    "02M414": "Status.TYPE",
    "02M416": "Status.TYPE",
    "02M418": "Status.TYPE",
    "02M419": "Status.TYPE",
    "02M420": "Status.TYPE",
    "02M422": "Status.TYPE",
    "02M425": "Status.TYPE",
    "02M427": "Status.TYPE",
    "02M432": "Status.TYPE",
    "02M437": "Status.TYPE",
    "02M438": "Status.TYPE",
    "02M439": "Status.TYPE",
    "02M449": "Status.TYPE",
    "02M459": "Status.TYPE",
    "02M475": "Status.TYPE",
    "02M489": "Status.TYPE",
    "02M500": "Status.TYPE",
    "02M507": "Status.TYPE",
    "02M519": "Status.TYPE",
    "02M520": "Status.TYPE",
    "02M529": "Status.TYPE",
    "02M531": "Status.TYPE",
    "02M533": "Status.TYPE",
    "02M534": "Status.TYPE",
    "02M542": "Status.TYPE",
    "02M543": "Status.TYPE",
    "02M545": "Status.TYPE",
    "02M546": "Status.TYPE",
    "02M551": "Status.TYPE",
    "02M580": "Status.TYPE",
    "02M600": "Status.TYPE",
    "02M605": "Status.TYPE",
    "02M615": "Status.TYPE",
    "02M630": "Status.TYPE",
    "02M655": "Status.TYPE",
    "03M299": "Status.TYPE",
    "03M307": "Status.TYPE",
    "03M402": "Status.TYPE",
    "03M403": "Status.TYPE",
    "03M415": "Status.TYPE",
    "03M417": "Status.TYPE",
    "03M479": "Status.TYPE",
    "03M485": "Status.TYPE",
    "03M492": "Status.TYPE",
    "03M494": "Status.TYPE",
    "03M541": "Status.TYPE",
    "03M859": "Status.TYPE",
    "03M860": "Status.TYPE",
    "04M372": "Status.TYPE",
    "04M409": "Status.TYPE",
    "04M435": "Status.TYPE",
    "04M495": "Status.TYPE",
    "04M555": "Status.TYPE",
    "04M610": "Status.TYPE",
    "04M680": "Status.TYPE",
    "05M148": "Status.TYPE",
    "05M157": "Status.TYPE",
    "05M304": "Status.TYPE",
    "05M362": "Status.TYPE",
    "05M367": "Status.TYPE",
    "05M369": "Status.TYPE",
    "05M499": "Status.TYPE",
    "05M670": "Status.TYPE",
    "05M692": "Status.TYPE",
    "06M211": "Status.TYPE",
    "06M293": "Status.TYPE",
    "06M346": "Status.TYPE",
    "06M348": "Status.TYPE",
    "06M423": "Status.TYPE",
    "06M462": "Status.TYPE",
    "06M463": "Status.TYPE",
    "06M467": "Status.TYPE",
    "06M468": "Status.TYPE",
    "06M540": "Status.TYPE",
    "06M552": "Status.TYPE",
    "07X221": "Status.TYPE",
    "07X223": "Status.TYPE",
    "07X259": "Status.TYPE",
    "07X334": "Status.TYPE",
    "07X427": "Status.TYPE",
    "07X473": "Status.TYPE",
    "07X495": "Status.TYPE",
    "07X500": "Status.TYPE",
    "07X520": "Status.TYPE",
    "07X522": "Status.TYPE",
    "07X527": "Status.TYPE",
    "07X547": "Status.TYPE",
    "07X548": "Status.TYPE",
    "07X551": "Status.TYPE",
    "07X600": "Status.TYPE",
    "07X670": "Status.TYPE",
    "08X269": "Status.TYPE",
    "08X282": "Status.TYPE",
    "08X293": "Status.TYPE",
    "08X305": "Status.TYPE",
    "08X312": "Status.TYPE",
    "08X320": "Status.TYPE",
    "08X332": "Status.TYPE",
    "08X348": "Status.TYPE",
    "08X349": "Status.TYPE",
    "08X367": "Status.TYPE",
    "08X376": "Status.TYPE",
    "08X405": "Status.TYPE",
    "08X432": "Status.TYPE",
    "08X452": "Status.TYPE",
    "08X519": "Status.TYPE",
    "08X530": "Status.TYPE",
    "08X558": "Status.TYPE",
    "08X559": "Status.TYPE",
    "08X561": "Status.TYPE",
    "09X227": "Status.TYPE",
    "09X231": "Status.TYPE",
    "09X241": "Status.TYPE",
    "09X250": "Status.TYPE",
    "09X252": "Status.TYPE",
    "09X260": "Status.TYPE",
    "09X263": "Status.TYPE",
    "09X276": "Status.TYPE",
    "09X297": "Status.TYPE",
    "09X324": "Status.TYPE",
    "09X327": "Status.TYPE",
    "09X329": "Status.TYPE",
    "09X350": "Status.TYPE",
    "09X365": "Status.TYPE",
    "09X403": "Status.TYPE",
    "09X404": "Status.TYPE",
    "09X412": "Status.TYPE",
    "09X413": "Status.TYPE",
    "09X505": "Status.TYPE",
    "09X517": "Status.TYPE",
    "09X525": "Status.TYPE",
    "09X543": "Status.TYPE",
    "09X564": "Status.TYPE",
    "09X568": "Status.TYPE",
    "10X141": "Status.TYPE",
    "10X213": "Status.TYPE",
    "10X225": "Status.TYPE",
    "10X237": "Status.TYPE",
    "10X243": "Status.TYPE",
    "10X264": "Status.TYPE",
    "10X268": "Status.TYPE",
    "10X284": "Status.TYPE",
    "10X342": "Status.TYPE",
    "10X351": "Status.TYPE",
    "10X353": "Status.TYPE",
    "10X368": "Status.TYPE",
    "10X374": "Status.TYPE",
    "10X433": "Status.TYPE",
    "10X434": "Status.TYPE",
    "10X437": "Status.TYPE",
    "10X438": "Status.TYPE",
    "10X439": "Status.TYPE",
    "10X440": "Status.TYPE",
    "10X442": "Status.TYPE",
    "10X445": "Status.TYPE",
    "10X477": "Status.TYPE",
    "10X524": "Status.TYPE",
    "10X546": "Status.TYPE",
    "10X549": "Status.TYPE",
    "10X565": "Status.TYPE",
    "10X696": "Status.TYPE",
    "11X249": "Status.TYPE",
    "11X253": "Status.TYPE",
    "11X265": "Status.TYPE",
    "11X270": "Status.TYPE",
    "11X275": "Status.TYPE",
    "11X288": "Status.TYPE",
    "11X290": "Status.TYPE",
    "11X299": "Status.TYPE",
    "11X418": "Status.TYPE",
    "11X455": "Status.TYPE",
    "11X508": "Status.TYPE",
    "11X509": "Status.TYPE",
    "11X513": "Status.TYPE",
    "11X514": "Status.TYPE",
    "11X542": "Status.TYPE",
    "11X544": "Status.TYPE",
    "11X545": "Status.TYPE",
    "12X242": "Status.TYPE",
    "12X248": "Status.TYPE",
    "12X251": "Status.TYPE",
    "12X267": "Status.TYPE",
    "12X271": "Status.TYPE",
    "12X278": "Status.TYPE",
    "12X372": "Status.TYPE",
    "12X388": "Status.TYPE",
    "12X478": "Status.TYPE",
    "12X479": "Status.TYPE",
    "12X511": "Status.TYPE",
    "12X521": "Status.TYPE",
    "12X550": "Status.TYPE",
    "12X682": "Status.TYPE",
    "12X684": "Status.TYPE",
    "12X692": "Status.TYPE",
    "13K265": "Status.TYPE",
    "13K350": "Status.TYPE",
    "13K412": "Status.TYPE",
    "13K419": "Status.TYPE",
    "13K430": "Status.TYPE",
    "13K439": "Status.TYPE",
    "13K483": "Status.TYPE",
    "13K499": "Status.TYPE",
    "13K527": "Status.TYPE",
    "13K595": "Status.TYPE",
    "13K605": "Status.TYPE",
    "13K670": "Status.TYPE",
    "13K674": "Status.TYPE",
    "14K071": "Status.TYPE",
    "14K322": "Status.TYPE",
    "14K449": "Status.TYPE",
    "14K454": "Status.TYPE",
    "14K474": "Status.TYPE",
    "14K477": "Status.TYPE",
    "14K478": "Status.TYPE",
    "14K488": "Status.TYPE",
    "14K558": "Status.TYPE",
    "14K561": "Status.TYPE",
    "14K586": "Status.TYPE",
    "14K610": "Status.TYPE",
    "14K614": "Status.TYPE",
    "14K632": "Status.TYPE",
    "14K685": "Status.TYPE",
    "15K423": "Status.TYPE",
    "15K429": "Status.TYPE",
    "15K448": "Status.TYPE",
    "15K462": "Status.TYPE",
    "15K463": "Status.TYPE",
    "15K464": "Status.TYPE",
    "15K497": "Status.TYPE",
    "15K519": "Status.TYPE",
    "15K592": "Status.TYPE",
    "15K656": "Status.TYPE",
    "15K667": "Status.TYPE",
    "15K684": "Status.TYPE",
    "16K393": "Status.TYPE",
    "16K455": "Status.TYPE",
    "16K498": "Status.TYPE",
    "16K594": "Status.TYPE",
    "16K688": "Status.TYPE",
    "16K765": "Status.TYPE",
    "17K122": "Status.TYPE",
    "17K382": "Status.TYPE",
    "17K408": "Status.TYPE",
    "17K524": "Status.TYPE",
    "17K528": "Status.TYPE",
    "17K531": "Status.TYPE",
    "17K533": "Status.TYPE",
    "17K537": "Status.TYPE",
    "17K539": "Status.TYPE",
    "17K543": "Status.TYPE",
    "17K546": "Status.TYPE",
    "17K547": "Status.TYPE",
    "17K548": "Status.TYPE",
    "17K590": "Status.TYPE",
    "17K600": "Status.TYPE",
    "17K745": "Status.TYPE",
    "17K751": "Status.TYPE",
    "18K563": "Status.TYPE",
    "18K566": "Status.TYPE",
    "18K567": "Status.TYPE",
    "18K569": "Status.TYPE",
    "18K576": "Status.TYPE",
    "18K589": "Status.TYPE",
    "18K617": "Status.TYPE",
    "18K629": "Status.TYPE",
    "18K633": "Status.TYPE",
    "18K637": "Status.TYPE",
    "18K642": "Status.TYPE",
    "19K404": "Status.TYPE",
    "19K409": "Status.TYPE",
    "19K422": "Status.TYPE",
    "19K502": "Status.TYPE",
    "19K504": "Status.TYPE",
    "19K507": "Status.TYPE",
    "19K510": "Status.TYPE",
    "19K583": "Status.TYPE",
    "19K615": "Status.TYPE",
    "19K618": "Status.TYPE",
    "19K639": "Status.TYPE",
    "19K659": "Status.TYPE",
    "19K660": "Status.TYPE",
    "19K683": "Status.TYPE",
    "19K764": "Status.TYPE",
    "20K445": "Status.TYPE",
    "20K485": "Status.TYPE",
    "20K490": "Status.TYPE",
    "20K505": "Status.TYPE",
    "20K609": "Status.TYPE",
    "21K337": "Status.TYPE",
    "21K344": "Status.TYPE",
    "21K348": "Status.TYPE",
    "21K410": "Status.TYPE",
    "21K468": "Status.TYPE",
    "21K525": "Status.TYPE",
    "21K540": "Status.TYPE",
    "21K559": "Status.TYPE",
    "21K572": "Status.TYPE",
    "21K620": "Status.TYPE",
    "21K690": "Status.TYPE",
    "22K405": "Status.TYPE",
    "22K425": "Status.TYPE",
    "22K535": "Status.TYPE",
    "22K555": "Status.TYPE",
    "22K611": "Status.TYPE",
    "23K493": "Status.TYPE",
    "23K514": "Status.TYPE",
    "23K644": "Status.TYPE",
    "23K697": "Status.TYPE",
    "24Q236": "Status.TYPE",
    "24Q264": "Status.TYPE",
    "24Q267": "Status.TYPE",
    "24Q293": "Status.TYPE",
    "24Q296": "Status.TYPE",
    "24Q299": "Status.TYPE",
    "24Q455": "Status.TYPE",
    "24Q485": "Status.TYPE",
    "24Q520": "Status.TYPE",
    "24Q530": "Status.TYPE",
    "24Q550": "Status.TYPE",
    "24Q560": "Status.TYPE",
    "24Q585": "Status.TYPE",
    "24Q600": "Status.TYPE",
    "24Q610": "Status.TYPE",
    "25Q240": "Status.TYPE",
    "25Q241": "Status.TYPE",
    "25Q252": "Status.TYPE",
    "25Q263": "Status.TYPE",
    "25Q281": "Status.TYPE",
    "25Q285": "Status.TYPE",
    "25Q425": "Status.TYPE",
    "25Q460": "Status.TYPE",
    "25Q525": "Status.TYPE",
    "25Q670": "Status.TYPE",
    "26Q315": "Status.TYPE",
    "26Q415": "Status.TYPE",
    "26Q430": "Status.TYPE",
    "26Q435": "Status.TYPE",
    "26Q495": "Status.TYPE",
    "26Q566": "Status.TYPE",
    "27Q260": "Status.TYPE",
    "27Q262": "Status.TYPE",
    "27Q302": "Status.TYPE",
    "27Q308": "Status.TYPE",
    "27Q309": "Status.TYPE",
    "27Q314": "Status.TYPE",
    "27Q323": "Status.TYPE",
    "27Q324": "Status.TYPE",
    "27Q334": "Status.TYPE",
    "27Q351": "Status.TYPE",
    "27Q400": "Status.TYPE",
    "27Q475": "Status.TYPE",
    "27Q480": "Status.TYPE",
    "27Q650": "Status.TYPE",
    "28Q167": "Status.TYPE",
    "28Q284": "Status.TYPE",
    "28Q310": "Status.TYPE",
    "28Q325": "Status.TYPE",
    "28Q328": "Status.TYPE",
    "28Q350": "Status.TYPE",
    "28Q440": "Status.TYPE",
    "28Q505": "Status.TYPE",
    "28Q620": "Status.TYPE",
    "28Q680": "Status.TYPE",
    "28Q686": "Status.TYPE",
    "28Q687": "Status.TYPE",
    "28Q690": "Status.TYPE",
    "28Q896": "Status.TYPE",
    "29Q243": "Status.TYPE",
    "29Q248": "Status.TYPE",
    "29Q259": "Status.TYPE",
    "29Q265": "Status.TYPE",
    "29Q272": "Status.TYPE",
    "29Q283": "Status.TYPE",
    "29Q313": "Status.TYPE",
    "29Q326": "Status.TYPE",
    "29Q327": "Status.TYPE",
    "29Q492": "Status.TYPE",
    "29Q498": "Status.TYPE",
    "30Q258": "Status.TYPE",
    "30Q286": "Status.TYPE",
    "30Q301": "Status.TYPE",
    "30Q445": "Status.TYPE",
    "30Q450": "Status.TYPE",
    "30Q501": "Status.TYPE",
    "30Q502": "Status.TYPE",
    "30Q555": "Status.TYPE",
    "30Q575": "Status.TYPE",
    "30Q580": "Status.TYPE",
    "31R047": "Status.TYPE",
    "31R064": "Status.TYPE",
    "31R080": "Status.TYPE",
    "31R440": "Status.TYPE",
    "31R445": "Status.TYPE",
    "31R450": "Status.TYPE",
    "31R455": "Status.TYPE",
    "31R460": "Status.TYPE",
    "31R600": "Status.TYPE",
    "31R605": "Status.TYPE",
    "32K168": "Status.TYPE",
    "32K403": "Status.TYPE",
    "32K545": "Status.TYPE",
    "32K549": "Status.TYPE",
    "32K552": "Status.TYPE",
    "32K554": "Status.TYPE",
    "32K556": "Status.TYPE"
  },
  "graduation_rate_2013": {
    "100%": "Status.TYPE",
    "20%": "Status.TYPE",
    "29%": "Status.TYPE",
    "31%": "Status.TYPE",
    "33%": "Status.TYPE",
    "36%": "Status.TYPE",
    "38%": "Status.TYPE",
    "39%": "Status.TYPE",
    "40%": "Status.TYPE",
    "41%": "Status.TYPE",
    "42%": "Status.TYPE",
    "43%": "Status.TYPE",
    "44%": "Status.TYPE",
    "45%": "Status.TYPE",
    "46%": "Status.TYPE",
    "47%": "Status.TYPE",
    "48%": "Status.TYPE",
    "49%": "Status.TYPE",
    "50%": "Status.TYPE",
    "51%": "Status.TYPE",
    "52%": "Status.TYPE",
    "53%": "Status.TYPE",
    "54%": "Status.TYPE",
    "55%": "Status.TYPE",
    "56%": "Status.TYPE",
    "57%": "Status.TYPE",
    "58%": "Status.TYPE",
    "59%": "Status.TYPE",
    "60%": "Status.TYPE",
    "61%": "Status.TYPE",
    "62%": "Status.TYPE",
    "63%": "Status.TYPE",
    "64%": "Status.TYPE",
    "65%": "Status.TYPE",
    "66%": "Status.TYPE",
    "67%": "Status.TYPE",
    "68%": "Status.TYPE",
    "69%": "Status.TYPE",
    "70%": "Status.TYPE",
    "71%": "Status.TYPE",
    "72%": "Status.TYPE",
    "73%": "Status.TYPE",
    "74%": "Status.TYPE",
    "75%": "Status.TYPE",
    "76%": "Status.TYPE",
    "77%": "Status.TYPE",
    "78%": "Status.TYPE",
    "79%": "Status.TYPE",
    "80%": "Status.TYPE",
    "81%": "Status.TYPE",
    "82%": "Status.TYPE",
    "83%": "Status.TYPE",
    "84%": "Status.TYPE",
    "85%": "Status.TYPE",
    "86%": "Status.TYPE",
    "87%": "Status.TYPE",
    "88%": "Status.TYPE",
    "89%": "Status.TYPE",
    "90%": "Status.TYPE",
    "91%": "Status.TYPE",
    "92%": "Status.TYPE",
    "93%": "Status.TYPE",
    "94%": "Status.TYPE",
    "95%": "Status.TYPE",
    "96%": "Status.TYPE",
    "97%": "Status.TYPE",
    "98%": "Status.TYPE",
    "99%": "Status.TYPE",
    "N/A": "Status.MISSING"
  },
  "graduation_rate_2014": {
    "100%": "Status.TYPE",
    "20%": "Status.TYPE",
    "27%": "Status.TYPE",
    "33%": "Status.TYPE",
    "36%": "Status.TYPE",
    "40%": "Status.TYPE",
    "41%": "Status.TYPE",
    "42%": "Status.TYPE",
    "43%": "Status.TYPE",
    "44%": "Status.TYPE",
    "45%": "Status.TYPE",
    "46%": "Status.TYPE",
    "48%": "Status.TYPE",
    "49%": "Status.TYPE",
    "50%": "Status.TYPE",
    "51%": "Status.TYPE",
    "52%": "Status.TYPE",
    "53%": "Status.TYPE",
    "54%": "Status.TYPE",
    "55%": "Status.TYPE",
    "56%": "Status.TYPE",
    "57%": "Status.TYPE",
    "58%": "Status.TYPE",
    "59%": "Status.TYPE",
    "60%": "Status.TYPE",
    "61%": "Status.TYPE",
    "62%": "Status.TYPE",
    "63%": "Status.TYPE",
    "64%": "Status.TYPE",
    "65%": "Status.TYPE",
    "66%": "Status.TYPE",
    "67%": "Status.TYPE",
    "68%": "Status.TYPE",
    "69%": "Status.TYPE",
    "70%": "Status.TYPE",
    "71%": "Status.TYPE",
    "72%": "Status.TYPE",
    "73%": "Status.TYPE",
    "74%": "Status.TYPE",
    "75%": "Status.TYPE",
    "76%": "Status.TYPE",
    "77%": "Status.TYPE",
    "78%": "Status.TYPE",
    "79%": "Status.TYPE",
    "80%": "Status.TYPE",
    "81%": "Status.TYPE",
    "82%": "Status.TYPE",
    "83%": "Status.TYPE",
    "84%": "Status.TYPE",
    "85%": "Status.TYPE",
    "86%": "Status.TYPE",
    "87%": "Status.TYPE",
    "88%": "Status.TYPE",
    "89%": "Status.TYPE",
    "90%": "Status.TYPE",
    "91%": "Status.TYPE",
    "92%": "Status.TYPE",
    "93%": "Status.TYPE",
    "94%": "Status.TYPE",
    "95%": "Status.TYPE",
    "96%": "Status.TYPE",
    "97%": "Status.TYPE",
    "98%": "Status.TYPE",
    "99%": "Status.TYPE",
    "N/A": "Status.MISSING"
  },
  "graduation_rate_boro": {
    "59%": "Status.TYPE",
    "68%": "Status.TYPE",
    "70%": "Status.TYPE",
    "71%": "Status.TYPE",
    "78%": "Status.TYPE"
  },
  "ontrack_year1_2013": {
    "100%": "Status.TYPE",
    "31%": "Status.TYPE",
    "41%": "Status.TYPE",
    "43%": "Status.TYPE",
    "48%": "Status.TYPE",
    "51%": "Status.TYPE",
    "52%": "Status.TYPE",
    "53%": "Status.TYPE",
    "54%": "Status.TYPE",
    "55%": "Status.TYPE",
    "56%": "Status.TYPE",
    "57%": "Status.TYPE",
    "59%": "Status.TYPE",
    "60%": "Status.TYPE",
    "61%": "Status.TYPE",
    "62%": "Status.TYPE",
    "63%": "Status.TYPE",
    "64%": "Status.TYPE",
    "65%": "Status.TYPE",
    "66%": "Status.TYPE",
    "67%": "Status.TYPE",
    "68%": "Status.TYPE",
    "69%": "Status.TYPE",
    "70%": "Status.TYPE",
    "71%": "Status.TYPE",
    "72%": "Status.TYPE",
    "73%": "Status.TYPE",
    "74%": "Status.TYPE",
    "75%": "Status.TYPE",
    "76%": "Status.TYPE",
    "77%": "Status.TYPE",
    "78%": "Status.TYPE",
    "79%": "Status.TYPE",
    "80%": "Status.TYPE",
    "81%": "Status.TYPE",
    "82%": "Status.TYPE",
    "83%": "Status.TYPE",
    "84%": "Status.TYPE",
    "85%": "Status.TYPE",
    "86%": "Status.TYPE",
    "87%": "Status.TYPE",
    "88%": "Status.TYPE",
    "89%": "Status.TYPE",
    "90%": "Status.TYPE",
    "91%": "Status.TYPE",
    "92%": "Status.TYPE",
    "93%": "Status.TYPE",
    "94%": "Status.TYPE",
    "95%": "Status.TYPE",
    "96%": "Status.TYPE",
    "97%": "Status.TYPE",
    "98%": "Status.TYPE",
    "99%": "Status.TYPE",
    "N/A": "Status.MISSING"
  },
  "ontrack_year1_2014": {
    "100%": "Status.TYPE",
    "20%": "Status.TYPE",
    "46%": "Status.TYPE",
    "47%": "Status.TYPE",
    "50%": "Status.TYPE",
    "52%": "Status.TYPE",
    "53%": "Status.TYPE",
    "54%": "Status.TYPE",
    "55%": "Status.TYPE",
    "57%": "Status.TYPE",
    "59%": "Status.TYPE",
    "60%": "Status.TYPE",
    "61%": "Status.TYPE",
    "62%": "Status.TYPE",
    "63%": "Status.TYPE",
    "64%": "Status.TYPE",
    "65%": "Status.TYPE",
    "66%": "Status.TYPE",
    "67%": "Status.TYPE",
    "68%": "Status.TYPE",
    "69%": "Status.TYPE",
    "70%": "Status.TYPE",
    "71%": "Status.TYPE",
    "72%": "Status.TYPE",
    "73%": "Status.TYPE",
    "74%": "Status.TYPE",
    "75%": "Status.TYPE",
    "76%": "Status.TYPE",
    "77%": "Status.TYPE",
    "78%": "Status.TYPE",
    "79%": "Status.TYPE",
    "80%": "Status.TYPE",
    "81%": "Status.TYPE",
    "82%": "Status.TYPE",
    "83%": "Status.TYPE",
    "84%": "Status.TYPE",
    "85%": "Status.TYPE",
    "86%": "Status.TYPE",
    "87%": "Status.TYPE",
    "88%": "Status.TYPE",
    "89%": "Status.TYPE",
    "90%": "Status.TYPE",
    "91%": "Status.TYPE",
    "92%": "Status.TYPE",
    "93%": "Status.TYPE",
    "94%": "Status.TYPE",
    "95%": "Status.TYPE",
    "96%": "Status.TYPE",
    "97%": "Status.TYPE",
    "98%": "Status.TYPE",
    "99%": "Status.TYPE",
    "N/A": "Status.MISSING"
  },
  "ontrack_year1_boro": {
    "79%": "Status.TYPE",
    "82%": "Status.TYPE",
    "84%": "Status.TYPE",
    "85%": "Status.TYPE"
  },
  "pct_stu_enough_variety_2014": {
    "28%": "Status.TYPE",
    "31%": "Status.TYPE",
    "32%": "Status.TYPE",
    "33%": "Status.TYPE",
    "34%": "Status.TYPE",
    "35%": "Status.TYPE",
    "36%": "Status.TYPE",
    "37%": "Status.TYPE",
    "39%": "Status.TYPE",
    "40%": "Status.TYPE",
    "41%": "Status.TYPE",
    "42%": "Status.TYPE",
    "43%": "Status.TYPE",
    "44%": "Status.TYPE",
    "45%": "Status.TYPE",
    "46%": "Status.TYPE",
    "48%": "Status.TYPE",
    "49%": "Status.TYPE",
    "50%": "Status.TYPE",
    "51%": "Status.TYPE",
    "52%": "Status.TYPE",
    "53%": "Status.TYPE",
    "54%": "Status.TYPE",
    "55%": "Status.TYPE",
    "56%": "Status.TYPE",
    "57%": "Status.TYPE",
    "58%": "Status.TYPE",
    "59%": "Status.TYPE",
    "60%": "Status.TYPE",
    "61%": "Status.TYPE",
    "62%": "Status.TYPE",
    "63%": "Status.TYPE",
    "64%": "Status.TYPE",
    "65%": "Status.TYPE",
    "66%": "Status.TYPE",
    "67%": "Status.TYPE",
    "68%": "Status.TYPE",
    "69%": "Status.TYPE",
    "70%": "Status.TYPE",
    "71%": "Status.TYPE",
    "72%": "Status.TYPE",
    "73%": "Status.TYPE",
    "74%": "Status.TYPE",
    "75%": "Status.TYPE",
    "76%": "Status.TYPE",
    "77%": "Status.TYPE",
    "78%": "Status.TYPE",
    "79%": "Status.TYPE",
    "80%": "Status.TYPE",
    "81%": "Status.TYPE",
    "82%": "Status.TYPE",
    "83%": "Status.TYPE",
    "84%": "Status.TYPE",
    "85%": "Status.TYPE",
    "86%": "Status.TYPE",
    "87%": "Status.TYPE",
    "88%": "Status.TYPE",
    "89%": "Status.TYPE",
    "90%": "Status.TYPE",
    "91%": "Status.TYPE",
    "92%": "Status.TYPE",
    "93%": "Status.TYPE",
    "94%": "Status.TYPE",
    "95%": "Status.TYPE",
    "97%": "Status.TYPE",
    "N/A": "Status.MISSING"
  },
  "pct_stu_safe_2014": {
    "100%": "Status.TYPE",
    "49%": "Status.TYPE",
    "50%": "Status.TYPE",
    "53%": "Status.TYPE",
    "54%": "Status.TYPE",
    "55%": "Status.TYPE",
    "56%": "Status.TYPE",
    "57%": "Status.TYPE",
    "58%": "Status.TYPE",
    "59%": "Status.TYPE",
    "60%": "Status.TYPE",
    "61%": "Status.TYPE",
    "62%": "Status.TYPE",
    "63%": "Status.TYPE",
    "64%": "Status.TYPE",
    "65%": "Status.TYPE",
    "66%": "Status.TYPE",
    "67%": "Status.TYPE",
    "68%": "Status.TYPE",
    "69%": "Status.TYPE",
    "70%": "Status.TYPE",
    "71%": "Status.TYPE",
    "72%": "Status.TYPE",
    "73%": "Status.TYPE",
    "74%": "Status.TYPE",
    "75%": "Status.TYPE",
    "76%": "Status.TYPE",
    "77%": "Status.TYPE",
    "78%": "Status.TYPE",
    "79%": "Status.TYPE",
    "80%": "Status.TYPE",
    "81%": "Status.TYPE",
    "82%": "Status.TYPE",
    "83%": "Status.TYPE",
    "84%": "Status.TYPE",
    "85%": "Status.TYPE",
    "86%": "Status.TYPE",
    "87%": "Status.TYPE",
    "88%": "Status.TYPE",
    "89%": "Status.TYPE",
    "90%": "Status.TYPE",
    "91%": "Status.TYPE",
    "92%": "Status.TYPE",
    "93%": "Status.TYPE",
    "94%": "Status.TYPE",
    "95%": "Status.TYPE",
    "96%": "Status.TYPE",
    "97%": "Status.TYPE",
    "98%": "Status.TYPE",
    "99%": "Status.TYPE",
    "N/A": "Status.MISSING"
  },
  "qr_assessing_student_learning": {
    "": "Status.MISSING",
    "D": "Status.TYPE",
    "P": "Status.TYPE",
    "UD": "Status.TYPE",
    "WD": "Status.TYPE"
  },
  "qr_curriculum": {
    "": "Status.MISSING",
    "D": "Status.TYPE",
    "P": "Status.TYPE",
    "WD": "Status.TYPE"
  },
  "qr_high_expectations": {
    "": "Status.MISSING",
    "D": "Status.TYPE",
    "P": "Status.TYPE",
    "WD": "Status.TYPE"
  },
  "qr_instruction": {
    "": "Status.MISSING",
    "D": "Status.TYPE",
    "P": "Status.TYPE",
    "UD": "Status.TYPE",
    "WD": "Status.TYPE"
  },
  "qr_teacher_collaboration": {
    "": "Status.MISSING",
    "D": "Status.TYPE",
    "P": "Status.TYPE",
    "WD": "Status.TYPE"
  },
  "quality_review_year": {
    "": "Status.MISSING",
    "2010-2011": "Status.TYPE",
    "2011-2012": "Status.TYPE",
    "2012-2013": "Status.TYPE",
    "2013-2014": "Status.TYPE"
  }
}