{
  "1st Road Class": "nominal",
  "1st Road Class & No": "nominal",
  "Accident Date": "date",
  "Age of Casualty": "numeric",
  "Casualty Class": "nominal",
  "Casualty Severity": "nominal",
  "Grid Ref: Easting": "numeric",
  "Grid Ref: Northing": "numeric",
  "Lighting Conditions": "nominal",
  "Local Authority": "nominal",
  "Number of Vehicles": "nominal",
  "Reference Number": "string",
  "Road Surface": "nominal",
  "Sex of Casualty": "nominal",
  "Time (24hr)": "numeric",
  "Type of Vehicle": "nominal",
  "Vehicle Number": "nominal",
  "Weather Conditions": "nominal"
}