{
  "111": "numeric",
  "130": "numeric",
  "13495": "numeric",
  "168.80": "numeric",
  "2.68": "numeric",
  "21": "nominal",
  "2548": "numeric",
  "27": "nominal",
  "3": "nominal",
  "3.47": "numeric",
  "48.80": "numeric",
  "5000": "nominal",
  "64.10": "numeric",
  "88.60": "numeric",
  "9.00": "numeric",
  "?": "numeric",
  "alfa-romero": "nominal",
  "convertible": "nominal",
  "dohc": "nominal",
  "four": "nominal",
  "front": "nominal",
  "gas": "nominal",
  "mpfi": "nominal",
  "rwd": "nominal",
  "std": "nominal",
  "two": "nominal"
}
