{
  "ARC_City": "string",
  "ARC_State": "nominal",
  "ARC_Street": "string",
  "ARC_ZIP": "numeric",
  "Addr_type": "nominal",
  "Address": "string",
  "Loc_name": "nominal",
  "Match_addr": "string",
  "Match_type": "nominal",
  "Municipa_1": "string",
  "Municipali": "string",
  "Name": "nominal",
  "OBJECTID": "numeric",
  "Ref_ID": "numeric",
  "Score": "numeric",
  "Side": "nominal",
  "Status": "nominal",
  "User_fld": "nominal",
  "X": "numeric",
  "Y": "numeric",
  "ZipCodes": "numeric"
}
