{
  "1stFlrSF": "numeric",
  "2ndFlrSF": "numeric",
  "3SsnPorch": "nominal",
  "Alley": "nominal",
  "BedroomAbvGr": "nominal",
  "BldgType": "nominal",
  "BsmtCond": "nominal",
  "BsmtExposure": "nominal",
  "BsmtFinSF1": "numeric",
  "BsmtFinSF2": "numeric",
  "BsmtFinType1": "nominal",
  "BsmtFinType2": "nominal",
  "BsmtFullBath": "nominal",
  "BsmtHalfBath": "nominal",
  "BsmtQual": "nominal",
  "BsmtUnfSF": "numeric",
  "CentralAir": "nominal",
  "Condition1": "nominal",
  "Condition2": "nominal",
  "Electrical": "nominal",
  "EnclosedPorch": "nominal",
  "ExterCond": "nominal",
  "ExterQual": "nominal",
  "Exterior1st": "nominal",
  "Exterior2nd": "nominal",
  "Fence": "nominal",
  "FireplaceQu": "nominal",
  "Fireplaces": "nominal",
  "Foundation": "nominal",
  "FullBath": "nominal",
  "Functional": "nominal",
  "GarageArea": "numeric",
  "GarageCars": "nominal",
  "GarageCond": "nominal",
  "GarageFinish": "nominal",
  "GarageQual": "nominal",
  "GarageType": "nominal",
  "GarageYrBlt": "date",
  "GrLivArea": "numeric",
  "HalfBath": "nominal",
  "Heating": "nominal",
  "HeatingQC": "nominal",
  "HouseStyle": "nominal",
  "Id": "numeric",
  "KitchenAbvGr": "nominal",
  "KitchenQual": "nominal",
  "LandContour": "nominal",
  "LandSlope": "nominal",
  "LotArea": "numeric",
  "LotConfig": "nominal",
  "LotFrontage": "nominal",
  "LotShape": "nominal",
  "LowQualFinSF": "nominal",
  "MSSubClass": "nominal",
  "MSZoning": "nominal",
  "MasVnrArea": "numeric",
  "MasVnrType": "nominal",
  "MiscFeature": "nominal",
  "MiscVal": "nominal",
  "MoSold": "nominal",
  "Neighborhood": "nominal",
  "OpenPorchSF": "numeric",
  "OverallCond": "nominal",
  "OverallQual": "nominal",
  "PavedDrive": "nominal",
  "PoolArea": "nominal",
  "PoolQC": "nominal",
  "RoofMatl": "nominal",
  "RoofStyle": "nominal",
  "SaleCondition": "nominal",
  "SalePrice": "numeric",
  "SaleType": "nominal",
  "ScreenPorch": "nominal",
  "Street": "nominal",
  "TotRmsAbvGrd": "nominal",
  "TotalBsmtSF": "numeric",
  "Utilities": "nominal",
  "WoodDeckSF": "numeric",
  "YearBuilt": "date",
  "YearRemodAdd": "date",
  "YrSold": "date"
}