{
  "Address 1": "nominal",
  "Address 2": "nominal",
  "County": "nominal",
  "Event number": "numeric",
  "Event type": "nominal",
  "Government Office Region": "nominal",
  "Inspection date": "date",
  "Leadership and management": "nominal",
  "Local authority": "nominal",
  "Name": "nominal",
  "Outcomes for children and young people": "nominal",
  "Overall effectiveness": "nominal",
  "Places": "nominal",
  "Postcode": "nominal",
  "Provision type": "nominal",
  "Quality of care": "nominal",
  "Registration Status": "nominal",
  "Safeguarding children and young people": "nominal",
  "Sector": "nominal",
  "Town": "nominal",
  "URN": "string",
  "Web link": "nominal"
}
