{
  "Age": "nominal",
  "Country": "nominal",
  "Gender": "nominal",
  "Timestamp": "date",
  "anonymity": "nominal",
  "benefits": "nominal",
  "care_options": "nominal",
  "comments": "string",
  "coworkers": "nominal",
  "family_history": "nominal",
  "leave": "nominal",
  "mental_health_consequence": "nominal",
  "mental_health_interview": "nominal",
  "mental_vs_physical": "nominal",
  "no_employees": "nominal",
  "obs_consequence": "nominal",
  "phys_health_consequence": "nominal",
  "phys_health_interview": "nominal",
  "remote_work": "nominal",
  "seek_help": "nominal",
  "self_employed": "nominal",
  "state": "nominal",
  "supervisor": "nominal",
  "tech_company": "nominal",
  "treatment": "nominal",
  "wellness_program": "nominal",
  "work_interfere": "nominal"
}
